
1356	1356	0	100.00	complete.gtf
1356	1356	0	100.00	complete.gtf

# from file complete.id parsed IDs: 1357
# not found in input: 1
# done
contig_101_pilon
contig_102_pilon
contig_116_pilon
contig_119_pilon
contig_120_pilon
contig_125_pilon
contig_126_pilon
contig_130_pilon
contig_19_pilon
contig_26_pilon
contig_28_pilon
contig_31_pilon
contig_45_pilon
contig_5_pilon
contig_52_pilon
contig_58_pilon
contig_6_pilon
contig_70_pilon
contig_75_pilon
contig_98_pilon
# from file training.list parsed IDs: 1054
# not found in input: 0
# done

1395	1228	167	88.03	p_hints_nonhc.gtf
8533	1228	7305	14.39	r_hints_nonhc.gtf


2359	1817	542	77.02	prothint/prothint.gff
8533	1817	6716	21.29	r_hints_nonhc.gtf


2359	1817	542	77.02	prothint/prothint.gff
8533	1817	6716	21.29	r_hints_nonhc.gtf

# number of transcripts in file: 1925 /proj/uppmax2026-1-61/nobackup/work/tede0387/braker3/braker3_last-exec/GeneMark-ETP/proteins.fa/genemark_supported.gtf
# number of genes in set: 1621
# removed partial: 2
# genes found for training: 1621
# warning, skipping short intron
# warning, skipping short intron
# warning, skipping short intron
# warning, skipping short intron
# warning, skipping short intron
# warning, skipping short intron
# warning, skipping short intron
# warning, skipping short intron
# warning, skipping short intron
# warning, skipping short intron
# warning, skipping short intron
# warning, skipping short intron
# warning, skipping short intron
# warning, skipping short intron
# warning, skipping short intron
# warning, skipping short intron
# warning, skipping short intron
# warning, skipping short intron
# warning, skipping short intron
# warning, skipping short intron
# warning, skipping short intron
# warning, skipping short intron
# warning, skipping short intron
# warning, skipping short intron
# warning, skipping short intron
# warning, skipping short intron
# warning, skipping short intron
# warning, skipping short intron
# warning, skipping short intron

2359	1817	542	77.02	prothint/prothint.gff
8533	1817	6716	21.29	r_hints_nonhc.gtf

# number of transcripts in file: 1921 /proj/uppmax2026-1-61/nobackup/work/tede0387/braker3/braker3_last-exec/GeneMark-ETP/proteins.fa/genemark_supported.gtf
# number of genes in set: 1617
# removed partial: 2
# genes found for training: 1617
# warning, skipping short intron
# warning, skipping short intron
# warning, skipping short intron
# warning, skipping short intron
# warning, skipping short intron
# warning, skipping short intron
# warning, skipping short intron
# warning, skipping short intron
# warning, skipping short intron
# warning, skipping short intron
# warning, skipping short intron
# warning, skipping short intron
# warning, skipping short intron
# warning, skipping short intron
# warning, skipping short intron
# warning, skipping short intron
# warning, skipping short intron
# warning, skipping short intron
# warning, skipping short intron
# warning, skipping short intron
# warning, skipping short intron
# warning, skipping short intron
# warning, skipping short intron
# warning, skipping short intron
# warning, skipping short intron
# warning, skipping short intron

2359	1817	542	77.02	prothint/prothint.gff
8533	1817	6716	21.29	r_hints_nonhc.gtf

