#**********************************************************************************
#                               BRAKER CONFIGURATION                               
#**********************************************************************************
# BRAKER CALL: /opt/BRAKER/scripts/braker.pl --genome=/proj/uppmax2026-1-61/nobackup/work/tede0387/6_Masking/new_repeatMasker/repeatmasker_output/polished_assembly.fasta.masked --bam=/proj/uppmax2026-1-61/nobackup/work/tede0387/7_RNA-Mapping/hisat2/bam/Control_1.sorted.bam,/proj/uppmax2026-1-61/nobackup/work/tede0387/7_RNA-Mapping/hisat2/bam/Control_2.sorted.bam,/proj/uppmax2026-1-61/nobackup/work/tede0387/7_RNA-Mapping/hisat2/bam/Control_3.sorted.bam,/proj/uppmax2026-1-61/nobackup/work/tede0387/7_RNA-Mapping/hisat2/bam/Heat_1.sorted.bam,/proj/uppmax2026-1-61/nobackup/work/tede0387/7_RNA-Mapping/hisat2/bam/Heat_2.sorted.bam,/proj/uppmax2026-1-61/nobackup/work/tede0387/7_RNA-Mapping/hisat2/bam/Heat_3.sorted.bam --prot_seq=/proj/uppmax2026-1-61/Genome_Analysis/2_Zhou_2023/Ceratodon_purpureus/C_purpureus.faa --threads=2 --workingdir=/proj/uppmax2026-1-61/nobackup/work/tede0387/braker3/braker3_last-exec --species=niphotrichum_japonicum --softmasking --AUGUSTUS_CONFIG_PATH=/proj/uppmax2026-1-61/nobackup/work/tede0387/braker3/braker3_last-exec/AUGUSTUS_config --AUGUSTUS_BIN_PATH=/opt/Augustus/bin --AUGUSTUS_SCRIPTS_PATH=/opt/Augustus/scripts --GENEMARK_PATH=/opt/ETP/bin
# Tue May  5 20:16:43 2026: braker.pl version 3.0.8
# Tue May  5 20:16:43 2026:Both protein and RNA-Seq data in input detected. BRAKER will be executed in ETP mode (BRAKER3).
#*********
# Tue May  5 20:16:43 2026: Configuring of BRAKER for using external tools...
# Tue May  5 20:16:43 2026: Trying to set $AUGUSTUS_CONFIG_PATH...
# Tue May  5 20:16:43 2026: Found command line argument $AUGUSTUS_CONFIG_PATH.
# Tue May  5 20:16:43 2026: Checking /proj/uppmax2026-1-61/nobackup/work/tede0387/braker3/braker3_last-exec/AUGUSTUS_config as potential path for $AUGUSTUS_CONFIG_PATH.
# Tue May  5 20:16:43 2026: Success! Setting $AUGUSTUS_CONFIG_PATH to /proj/uppmax2026-1-61/nobackup/work/tede0387/braker3/braker3_last-exec/AUGUSTUS_config!
# Tue May  5 20:16:43 2026: Trying to set $AUGUSTUS_BIN_PATH...
# Tue May  5 20:16:43 2026: Found command line argument $AUGUSTUS_BIN_PATH.
# Tue May  5 20:16:43 2026: Checking /opt/Augustus/bin as potential path for $AUGUSTUS_BIN_PATH.
# Tue May  5 20:16:43 2026: Success! Setting $AUGUSTUS_BIN_PATH to /opt/Augustus/bin!
# Tue May  5 20:16:43 2026: Trying to set $AUGUSTUS_SCRIPTS_PATH...
# Tue May  5 20:16:43 2026: Found command line argument $AUGUSTUS_SCRIPTS_PATH.
# Tue May  5 20:16:43 2026: Checking /opt/Augustus/scripts as potential path for $AUGUSTUS_SCRIPTS_PATH.
# Tue May  5 20:16:43 2026: Success! Setting $AUGUSTUS_SCRIPTS_PATH to /opt/Augustus/scripts!
# Tue May  5 20:16:43 2026: Trying to set $PYTHON3_PATH...
# Tue May  5 20:16:43 2026: Did not find environment variable $PYTHON3_PATH.
# Tue May  5 20:16:43 2026: Trying to guess PYTHON3_PATH from location of python3 executable that is available in your $PATH
# Tue May  5 20:16:43 2026: Checking /opt/conda/bin as potential path for $PYTHON3_PATH.
# Tue May  5 20:16:43 2026: Success! Setting $PYTHON3_PATH to /opt/conda/bin!
# Tue May  5 20:16:43 2026: Trying to set $GENEMARK_PATH...
# Tue May  5 20:16:43 2026: Found command line argument $GENEMARK_PATH.
# Tue May  5 20:16:43 2026: Checking /opt/ETP/bin as potential path for $GENEMARK_PATH.
# Tue May  5 20:16:43 2026: Success! Setting $GENEMARK_PATH to /opt/ETP/bin!
# Tue May  5 20:16:43 2026: Trying to set $BAMTOOLS_PATH...
# Tue May  5 20:16:43 2026: Did not find environment variable $BAMTOOLS_PATH.
# Tue May  5 20:16:43 2026: Trying to guess BAMTOOLS_PATH from location of bamtools executable that is available in your $PATH
# Tue May  5 20:16:43 2026: Checking /usr/bin as potential path for $BAMTOOLS_PATH.
# Tue May  5 20:16:43 2026: Success! Setting $BAMTOOLS_PATH to /usr/bin!
# Tue May  5 20:16:43 2026: Trying to set $SAMTOOLS_PATH...
# Tue May  5 20:16:43 2026: Did not find environment variable $SAMTOOLS_PATH.
# Tue May  5 20:16:43 2026: Trying to guess SAMTOOLS_PATH from location of samtools executable that is available in your $PATH
# Tue May  5 20:16:43 2026: Checking /usr/bin as potential path for $SAMTOOLS_PATH.
# Tue May  5 20:16:43 2026: Success! Setting $SAMTOOLS_PATH to /usr/bin!
# Tue May  5 20:16:43 2026: Trying to set $DIAMOND_PATH...
# Tue May  5 20:16:43 2026: Did not find environment variable $DIAMOND_PATH.
# Tue May  5 20:16:43 2026: Trying to guess DIAMOND_PATH from location of diamond executable that is available in your $PATH
# Tue May  5 20:16:43 2026: Checking /opt/ETP/tools as potential path for $DIAMOND_PATH.
# Tue May  5 20:16:43 2026: Success! Setting $DIAMOND_PATH to /opt/ETP/tools!
# Tue May  5 20:16:43 2026: Trying to set $PROTHINT_PATH...
# Tue May  5 20:16:43 2026: Did not find environment variable $PROTHINT_PATH.
# Tue May  5 20:16:43 2026: Trying to guess PROTHINT_PATH from location of prothint.py executable that is available in your $PATH
# Tue May  5 20:16:43 2026: Checking /opt/ETP/bin/gmes/ProtHint/bin as potential path for $PROTHINT_PATH.
# Tue May  5 20:16:43 2026: Success! Setting $PROTHINT_PATH to /opt/ETP/bin/gmes/ProtHint/bin!
# Tue May  5 20:16:43 2026: Trying to set $TSEBRA_PATH...
# Tue May  5 20:16:43 2026: Did not find environment variable $TSEBRA_PATH.
# Tue May  5 20:16:43 2026: Trying to guess TSEBRA_PATH from location of tsebra.py executable that is available in your $PATH
# Tue May  5 20:16:43 2026: Checking /opt/TSEBRA/bin as potential path for $TSEBRA_PATH.
# Tue May  5 20:16:43 2026: Success! Setting $TSEBRA_PATH to /opt/TSEBRA/bin!
# Tue May  5 20:16:43 2026: Trying to set $CDBTOOLS_PATH...
# Tue May  5 20:16:43 2026: Did not find environment variable $CDBTOOLS_PATH.
# Tue May  5 20:16:43 2026: Trying to guess CDBTOOLS_PATH from location of cdbfasta executable that is available in your $PATH
# Tue May  5 20:16:43 2026: Checking /opt/cdbfasta as potential path for $CDBTOOLS_PATH.
# Tue May  5 20:16:43 2026: Success! Setting $CDBTOOLS_PATH to /opt/cdbfasta!
#**********************************************************************************
#                               CREATING DIRECTORY STRUCTURE                       
#**********************************************************************************
# Tue May  5 20:16:44 2026: creating file that contains citations for this BRAKER run at /proj/uppmax2026-1-61/nobackup/work/tede0387/braker3/braker3_last-exec/what-to-cite.txt...
# Tue May  5 20:16:44 2026: create working directory /proj/uppmax2026-1-61/nobackup/work/tede0387/braker3/braker3_last-exec/GeneMark-ETP.
mkdir /proj/uppmax2026-1-61/nobackup/work/tede0387/braker3/braker3_last-exec/GeneMark-ETP
# Tue May  5 20:16:44 2026: create working directory /proj/uppmax2026-1-61/nobackup/work/tede0387/braker3/braker3_last-exec/species
mkdir /proj/uppmax2026-1-61/nobackup/work/tede0387/braker3/braker3_last-exec/species
# Tue May  5 20:16:44 2026: create working directory /proj/uppmax2026-1-61/nobackup/work/tede0387/braker3/braker3_last-exec/errors
mkdir /proj/uppmax2026-1-61/nobackup/work/tede0387/braker3/braker3_last-exec/errors
# Tue May  5 20:16:44 2026: changing into working directory /proj/uppmax2026-1-61/nobackup/work/tede0387/braker3/braker3_last-exec
cd /proj/uppmax2026-1-61/nobackup/work/tede0387/braker3/braker3_last-exec
# Tue May  5 20:16:44 2026: getting GC content of the genome
/opt/BRAKER/scripts/get_gc_content.py --sequences /proj/uppmax2026-1-61/nobackup/work/tede0387/6_Masking/new_repeatMasker/repeatmasker_output/polished_assembly.fasta.masked --print_sequence_length 1> /proj/uppmax2026-1-61/nobackup/work/tede0387/braker3/braker3_last-exec/gc_content.out 2> /proj/uppmax2026-1-61/nobackup/work/tede0387/braker3/braker3_last-exec/errors/gc_content.stderr
# Tue May  5 20:16:45 2026: Creating parameter template files for AUGUSTUS with new_species.pl
# Tue May  5 20:16:45 2026: new_species.pl will create parameter files for species niphotrichum_japonicum in /proj/uppmax2026-1-61/nobackup/work/tede0387/braker3/braker3_last-exec/AUGUSTUS_config/species/niphotrichum_japonicum
/usr/bin/perl /opt/Augustus/scripts/new_species.pl --species=niphotrichum_japonicum --AUGUSTUS_CONFIG_PATH=/proj/uppmax2026-1-61/nobackup/work/tede0387/braker3/braker3_last-exec/AUGUSTUS_config 1> /dev/null 2>/proj/uppmax2026-1-61/nobackup/work/tede0387/braker3/braker3_last-exec/errors/new_species.stderr
# Tue May  5 20:16:45 2026: check_fasta_headers(): Checking fasta headers of file /proj/uppmax2026-1-61/nobackup/work/tede0387/6_Masking/new_repeatMasker/repeatmasker_output/polished_assembly.fasta.masked
# Tue May  5 20:16:45 2026: check_fasta_headers(): Checking fasta headers of file /proj/uppmax2026-1-61/Genome_Analysis/2_Zhou_2023/Ceratodon_purpureus/C_purpureus.faa
#*********
# WARNING: Detected whitespace in fasta header of file /proj/uppmax2026-1-61/Genome_Analysis/2_Zhou_2023/Ceratodon_purpureus/C_purpureus.faa. This may later on cause problems! The pipeline will create a new file without spaces or "|" characters and a genome_header.map file to look up the old and new headers. This message will be suppressed from now on!
#*********
# Tue May  5 20:16:45 2026: Assuming that this is not a DNA fasta file because other characters than A, T, G, C, N, a, t, g, c, n were contained. If this is supposed to be a DNA fasta file, check the content of your file! If this is supposed to be a protein fasta file, please ignore this message!
#**********************************************************************************
#                              RUNNING GENEMARK-EX                                 
#**********************************************************************************
# Tue May  5 20:16:46 2026: Preparing genemark_evidence file hints from manual hints...
# Tue May  5 20:16:46 2026: Running GeneMark-ETP
# Tue May  5 20:16:46 2026: changing into GeneMark-ETP directory /proj/uppmax2026-1-61/nobackup/work/tede0387/braker3/braker3_last-exec/GeneMark-ETP
cd /proj/uppmax2026-1-61/nobackup/work/tede0387/braker3/braker3_last-exec/GeneMark-ETP
# Tue May  5 20:16:46 2026: sorting RNA-Seq BAM files
/usr/bin/samtools sort /proj/uppmax2026-1-61/nobackup/work/tede0387/7_RNA-Mapping/hisat2/bam/Control_1.sorted.bam -@ 1 -o /proj/uppmax2026-1-61/nobackup/work/tede0387/braker3/braker3_last-exec/GeneMark-ETP/etp_data/Control_1.sorted.bam 1> /proj/uppmax2026-1-61/nobackup/work/tede0387/braker3/braker3_last-exec/errors/samtools.sort.Control_1.sorted.stdout 2> /proj/uppmax2026-1-61/nobackup/work/tede0387/braker3/braker3_last-exec/errors/samtools.sort.Control_1.sorted.stderr
/usr/bin/samtools sort /proj/uppmax2026-1-61/nobackup/work/tede0387/7_RNA-Mapping/hisat2/bam/Control_2.sorted.bam -@ 1 -o /proj/uppmax2026-1-61/nobackup/work/tede0387/braker3/braker3_last-exec/GeneMark-ETP/etp_data/Control_2.sorted.bam 1> /proj/uppmax2026-1-61/nobackup/work/tede0387/braker3/braker3_last-exec/errors/samtools.sort.Control_2.sorted.stdout 2> /proj/uppmax2026-1-61/nobackup/work/tede0387/braker3/braker3_last-exec/errors/samtools.sort.Control_2.sorted.stderr
/usr/bin/samtools sort /proj/uppmax2026-1-61/nobackup/work/tede0387/7_RNA-Mapping/hisat2/bam/Control_3.sorted.bam -@ 1 -o /proj/uppmax2026-1-61/nobackup/work/tede0387/braker3/braker3_last-exec/GeneMark-ETP/etp_data/Control_3.sorted.bam 1> /proj/uppmax2026-1-61/nobackup/work/tede0387/braker3/braker3_last-exec/errors/samtools.sort.Control_3.sorted.stdout 2> /proj/uppmax2026-1-61/nobackup/work/tede0387/braker3/braker3_last-exec/errors/samtools.sort.Control_3.sorted.stderr
/usr/bin/samtools sort /proj/uppmax2026-1-61/nobackup/work/tede0387/7_RNA-Mapping/hisat2/bam/Heat_1.sorted.bam -@ 1 -o /proj/uppmax2026-1-61/nobackup/work/tede0387/braker3/braker3_last-exec/GeneMark-ETP/etp_data/Heat_1.sorted.bam 1> /proj/uppmax2026-1-61/nobackup/work/tede0387/braker3/braker3_last-exec/errors/samtools.sort.Heat_1.sorted.stdout 2> /proj/uppmax2026-1-61/nobackup/work/tede0387/braker3/braker3_last-exec/errors/samtools.sort.Heat_1.sorted.stderr
/usr/bin/samtools sort /proj/uppmax2026-1-61/nobackup/work/tede0387/7_RNA-Mapping/hisat2/bam/Heat_2.sorted.bam -@ 1 -o /proj/uppmax2026-1-61/nobackup/work/tede0387/braker3/braker3_last-exec/GeneMark-ETP/etp_data/Heat_2.sorted.bam 1> /proj/uppmax2026-1-61/nobackup/work/tede0387/braker3/braker3_last-exec/errors/samtools.sort.Heat_2.sorted.stdout 2> /proj/uppmax2026-1-61/nobackup/work/tede0387/braker3/braker3_last-exec/errors/samtools.sort.Heat_2.sorted.stderr
/usr/bin/samtools sort /proj/uppmax2026-1-61/nobackup/work/tede0387/7_RNA-Mapping/hisat2/bam/Heat_3.sorted.bam -@ 1 -o /proj/uppmax2026-1-61/nobackup/work/tede0387/braker3/braker3_last-exec/GeneMark-ETP/etp_data/Heat_3.sorted.bam 1> /proj/uppmax2026-1-61/nobackup/work/tede0387/braker3/braker3_last-exec/errors/samtools.sort.Heat_3.sorted.stdout 2> /proj/uppmax2026-1-61/nobackup/work/tede0387/braker3/braker3_last-exec/errors/samtools.sort.Heat_3.sorted.stderr
# Tue May  5 20:35:24 2026: Running gmetp.pl
/usr/bin/perl /opt/ETP/bin/gmetp.pl --cfg /proj/uppmax2026-1-61/nobackup/work/tede0387/braker3/braker3_last-exec/GeneMark-ETP/etp_config.yaml --workdir /proj/uppmax2026-1-61/nobackup/work/tede0387/braker3/braker3_last-exec/GeneMark-ETP --bam /proj/uppmax2026-1-61/nobackup/work/tede0387/braker3/braker3_last-exec/GeneMark-ETP/etp_data/ --cores 2 --softmask  1>/proj/uppmax2026-1-61/nobackup/work/tede0387/braker3/braker3_last-exec/errors/GeneMark-ETP.stdout 2>/proj/uppmax2026-1-61/nobackup/work/tede0387/braker3/braker3_last-exec/errors/GeneMark-ETP.stderr
# Tue May  5 23:20:47 2026: change to working directory /proj/uppmax2026-1-61/nobackup/work/tede0387/braker3/braker3_last-exec
cd /proj/uppmax2026-1-61/nobackup/work/tede0387/braker3/braker3_last-exec
# Tue May  5 23:20:47 2026: Getting hints for AUGUSTUS from GeneMark-ETP
/opt/conda/bin/python3 /opt/BRAKER/scripts/get_etp_hints.py --genemark_scripts /opt/ETP/bin --out /proj/uppmax2026-1-61/nobackup/work/tede0387/braker3/braker3_last-exec/hintsfile.gff --etp_wdir /proj/uppmax2026-1-61/nobackup/work/tede0387/braker3/braker3_last-exec/GeneMark-ETP 1> /proj/uppmax2026-1-61/nobackup/work/tede0387/braker3/braker3_last-exec/errors/get_etp_hints.stdout 2> /proj/uppmax2026-1-61/nobackup/work/tede0387/braker3/braker3_last-exec/errors/get_etp_hints.stderr
# Tue May  5 23:20:48 2026: Checking for hints of src=C and with grp tags that should not be joined according to multiplicity
# Tue May  5 23:20:48 2026: Joining hints that are identical (& from the same source) into multiplicity hints (input file /proj/uppmax2026-1-61/nobackup/work/tede0387/braker3/braker3_last-exec/tmp_merge_hints.gff)
# Tue May  5 23:20:48 2026: sort hints of type all
cat /proj/uppmax2026-1-61/nobackup/work/tede0387/braker3/braker3_last-exec/tmp_merge_hints.gff | sort -n -k 4,4 | sort -s -n -k 5,5 | sort -s -n -k 3,3 | sort -s -k 1,1 >/proj/uppmax2026-1-61/nobackup/work/tede0387/braker3/braker3_last-exec/hints.all.temp.sort.gff
# Tue May  5 23:20:48 2026: join multiple hints
/usr/bin/perl /opt/Augustus/scripts/join_mult_hints.pl </proj/uppmax2026-1-61/nobackup/work/tede0387/braker3/braker3_last-exec/hints.all.temp.sort.gff >/proj/uppmax2026-1-61/nobackup/work/tede0387/braker3/braker3_last-exec/tmp_merge_hints.gff 2>/proj/uppmax2026-1-61/nobackup/work/tede0387/braker3/braker3_last-exec/errors/join_mult_hints.all.stderr
cat /proj/uppmax2026-1-61/nobackup/work/tede0387/braker3/braker3_last-exec/tmp_merge_hints.gff /proj/uppmax2026-1-61/nobackup/work/tede0387/braker3/braker3_last-exec/tmp_no_merge_hints.gff > /proj/uppmax2026-1-61/nobackup/work/tede0387/braker3/braker3_last-exec/hintsfile.gff
# Tue May  5 23:20:48 2026: GeneMark-ETP run finished.
# Tue May  5 23:20:48 2026: link GeneMark-ETP training genes to /proj/uppmax2026-1-61/nobackup/work/tede0387/braker3/braker3_last-exec/GeneMark-ETP/training.gtf
ln -s /proj/uppmax2026-1-61/nobackup/work/tede0387/braker3/braker3_last-exec/GeneMark-ETP/proteins.fa/model/training.gtf /proj/uppmax2026-1-61/nobackup/work/tede0387/braker3/braker3_last-exec/GeneMark-ETP/training.gtf
# Tue May  5 23:20:48 2026: sorting GeneMark predictions in /proj/uppmax2026-1-61/nobackup/work/tede0387/braker3/braker3_last-exec/GeneMark-ETP/training.gtf
/opt/conda/bin/python3 /opt/BRAKER/scripts/sortGeneMark.py /proj/uppmax2026-1-61/nobackup/work/tede0387/braker3/braker3_last-exec/GeneMark-ETP/training.gtf > /proj/uppmax2026-1-61/nobackup/work/tede0387/braker3/braker3_last-exec/GeneMark-ETP/training.gtf.sorted 2> /proj/uppmax2026-1-61/nobackup/work/tede0387/braker3/braker3_last-exec/errors/sortGeneMark.err
mv /proj/uppmax2026-1-61/nobackup/work/tede0387/braker3/braker3_last-exec/GeneMark-ETP/training.gtf.sorted /proj/uppmax2026-1-61/nobackup/work/tede0387/braker3/braker3_last-exec/GeneMark-ETP/training.gtf
#**********************************************************************************
#                               TRAIN AUGUSTUS                                     
#**********************************************************************************
# Tue May  5 23:20:48 2026: training AUGUSTUS
# Tue May  5 23:20:48 2026: creating softlink from /proj/uppmax2026-1-61/nobackup/work/tede0387/braker3/braker3_last-exec/GeneMark-ETP/proteins.fa/model/training.gtf to /proj/uppmax2026-1-61/nobackup/work/tede0387/braker3/braker3_last-exec/traingenes.gtf.
ln -s /proj/uppmax2026-1-61/nobackup/work/tede0387/braker3/braker3_last-exec/GeneMark-ETP/proteins.fa/model/training.gtf /proj/uppmax2026-1-61/nobackup/work/tede0387/braker3/braker3_last-exec/traingenes.gtf
# Tue May  5 23:20:48 2026: Converting gtf file /proj/uppmax2026-1-61/nobackup/work/tede0387/braker3/braker3_last-exec/traingenes.gtf to genbank file
# Tue May  5 23:20:48 2026: Computing flanking region size for AUGUSTUS training genes
# Tue May  5 23:20:48 2026: create genbank file /proj/uppmax2026-1-61/nobackup/work/tede0387/braker3/braker3_last-exec/train.gb
/usr/bin/perl /opt/Augustus/scripts/gff2gbSmallDNA.pl /proj/uppmax2026-1-61/nobackup/work/tede0387/braker3/braker3_last-exec/traingenes.gtf /proj/uppmax2026-1-61/nobackup/work/tede0387/braker3/braker3_last-exec/genome.fa 1438 /proj/uppmax2026-1-61/nobackup/work/tede0387/braker3/braker3_last-exec/train.gb 2>/proj/uppmax2026-1-61/nobackup/work/tede0387/braker3/braker3_last-exec/errors/traingenes.gtf_gff2gbSmallDNA.stderr
#*********
# INFORMATION: the size of flanking region used in this BRAKER run is 1438. You might need this value if you later add a UTR training on top of an already existing BRAKER run.
#*********
# Tue May  5 23:20:49 2026: Genbank format file /proj/uppmax2026-1-61/nobackup/work/tede0387/braker3/braker3_last-exec/train.gb contains 1053 genes.
# Tue May  5 23:20:49 2026: Filtering train.gb for "good" mRNAs:
/usr/bin/perl /opt/Augustus/scripts/filterGenesIn_mRNAname.pl /proj/uppmax2026-1-61/nobackup/work/tede0387/braker3/braker3_last-exec/traingenes.gtf /proj/uppmax2026-1-61/nobackup/work/tede0387/braker3/braker3_last-exec/train.gb > /proj/uppmax2026-1-61/nobackup/work/tede0387/braker3/braker3_last-exec/train.f.gb 2>/proj/uppmax2026-1-61/nobackup/work/tede0387/braker3/braker3_last-exec/errors/filterGenesIn_mRNAname.stderr
# Tue May  5 23:20:49 2026: Genbank format file /proj/uppmax2026-1-61/nobackup/work/tede0387/braker3/braker3_last-exec/train.f.gb contains 1053 genes.
# Tue May  5 23:20:49 2026: Running etraining to catch gene structure inconsistencies:
/opt/Augustus/bin/etraining --species=niphotrichum_japonicum --AUGUSTUS_CONFIG_PATH=/proj/uppmax2026-1-61/nobackup/work/tede0387/braker3/braker3_last-exec/AUGUSTUS_config /proj/uppmax2026-1-61/nobackup/work/tede0387/braker3/braker3_last-exec/train.f.gb 1> /proj/uppmax2026-1-61/nobackup/work/tede0387/braker3/braker3_last-exec/gbFilterEtraining.stdout 2>/proj/uppmax2026-1-61/nobackup/work/tede0387/braker3/braker3_last-exec/errors/gbFilterEtraining.stderr
# Tue May  5 23:20:51 2026: Filtering /proj/uppmax2026-1-61/nobackup/work/tede0387/braker3/braker3_last-exec/train.f.gb file to remove inconsistent gene structures...
/usr/bin/perl /opt/Augustus/scripts/filterGenes.pl /proj/uppmax2026-1-61/nobackup/work/tede0387/braker3/braker3_last-exec/etrain.bad.lst /proj/uppmax2026-1-61/nobackup/work/tede0387/braker3/braker3_last-exec/train.f.gb 1> /proj/uppmax2026-1-61/nobackup/work/tede0387/braker3/braker3_last-exec/train.ff.gb 2>/proj/uppmax2026-1-61/nobackup/work/tede0387/braker3/braker3_last-exec/errors/etrainFilterGenes.stderr
# Tue May  5 23:20:51 2026: Genbank format file /proj/uppmax2026-1-61/nobackup/work/tede0387/braker3/braker3_last-exec/train.ff.gb contains 1051 genes.
# Tue May  5 23:20:51 2026: BLAST or DIAMOND training gene structures against themselves:
/usr/bin/perl /opt/Augustus/scripts/aa2nonred.pl /proj/uppmax2026-1-61/nobackup/work/tede0387/braker3/braker3_last-exec/traingenes.good.fa /proj/uppmax2026-1-61/nobackup/work/tede0387/braker3/braker3_last-exec/traingenes.good.nr.fa --DIAMOND_PATH=/opt/ETP/tools --cores=2 --diamond 1> /proj/uppmax2026-1-61/nobackup/work/tede0387/braker3/braker3_last-exec/aa2nonred.stdout 2>/proj/uppmax2026-1-61/nobackup/work/tede0387/braker3/braker3_last-exec/errors/aa2nonred.stderr
# Tue May  5 23:20:52 2026: Filtering nonredundant loci into /proj/uppmax2026-1-61/nobackup/work/tede0387/braker3/braker3_last-exec/train.fff.gb:
/usr/bin/perl /opt/Augustus/scripts/filterGenesIn.pl /proj/uppmax2026-1-61/nobackup/work/tede0387/braker3/braker3_last-exec/nonred.loci.lst /proj/uppmax2026-1-61/nobackup/work/tede0387/braker3/braker3_last-exec/train.ff.gb 1> /proj/uppmax2026-1-61/nobackup/work/tede0387/braker3/braker3_last-exec/train.fff.gb 2>/proj/uppmax2026-1-61/nobackup/work/tede0387/braker3/braker3_last-exec/errors/filterGenesIn.stderr
# Tue May  5 23:20:52 2026: Genbank format file /proj/uppmax2026-1-61/nobackup/work/tede0387/braker3/braker3_last-exec/train.fff.gb contains 1029 genes.
# Tue May  5 23:20:52 2026: Moving /proj/uppmax2026-1-61/nobackup/work/tede0387/braker3/braker3_last-exec/train.fff.gb to /proj/uppmax2026-1-61/nobackup/work/tede0387/braker3/braker3_last-exec/train.gb:
mv /proj/uppmax2026-1-61/nobackup/work/tede0387/braker3/braker3_last-exec/train.fff.gb /proj/uppmax2026-1-61/nobackup/work/tede0387/braker3/braker3_last-exec/train.gb
# Tue May  5 23:20:52 2026: Splitting genbank file into train and test file
/usr/bin/perl /opt/Augustus/scripts/randomSplit.pl /proj/uppmax2026-1-61/nobackup/work/tede0387/braker3/braker3_last-exec/train.gb 300 2>/proj/uppmax2026-1-61/nobackup/work/tede0387/braker3/braker3_last-exec/errors/randomSplit.stderr
# Tue May  5 23:20:52 2026: /proj/uppmax2026-1-61/nobackup/work/tede0387/braker3/braker3_last-exec/train.gb.test will be used for measuring AUGUSTUS accuracy after training
# Tue May  5 23:20:52 2026: Genbank format file /proj/uppmax2026-1-61/nobackup/work/tede0387/braker3/braker3_last-exec/train.gb.test contains 300 genes.
# Tue May  5 23:20:52 2026: Genbank format file /proj/uppmax2026-1-61/nobackup/work/tede0387/braker3/braker3_last-exec/train.gb.train contains 729 genes.
/usr/bin/perl /opt/Augustus/scripts/randomSplit.pl /proj/uppmax2026-1-61/nobackup/work/tede0387/braker3/braker3_last-exec/train.gb.train 300 2>/proj/uppmax2026-1-61/nobackup/work/tede0387/braker3/braker3_last-exec/errors/randomSplit.stderr
# Tue May  5 23:20:52 2026: Genbank format file /proj/uppmax2026-1-61/nobackup/work/tede0387/braker3/braker3_last-exec/train.gb.train.train contains 429 genes.
# Tue May  5 23:20:52 2026: Genbank format file /proj/uppmax2026-1-61/nobackup/work/tede0387/braker3/braker3_last-exec/train.gb.train.test contains 300 genes.
# Tue May  5 23:20:52 2026: /proj/uppmax2026-1-61/nobackup/work/tede0387/braker3/braker3_last-exec/train.gb.train.test will be used or measuring AUGUSTUS accuracy during training with optimize_augustus.pl
 /proj/uppmax2026-1-61/nobackup/work/tede0387/braker3/braker3_last-exec/train.gb.train.train will be used for running etraining in optimize_augustus.pl (together with train.gb.train.test)
 /proj/uppmax2026-1-61/nobackup/work/tede0387/braker3/braker3_last-exec/train.gb.train will be used for running etraining (outside of optimize_augustus.pl)
# Tue May  5 23:20:52 2026: Setting value of "stopCodonExcludedFromCDS" in /proj/uppmax2026-1-61/nobackup/work/tede0387/braker3/braker3_last-exec/AUGUSTUS_config/species/niphotrichum_japonicum/niphotrichum_japonicum_parameters.cfg to "true"
# Tue May  5 23:20:52 2026: first etraining
/opt/Augustus/bin/etraining --species=niphotrichum_japonicum --AUGUSTUS_CONFIG_PATH=/proj/uppmax2026-1-61/nobackup/work/tede0387/braker3/braker3_last-exec/AUGUSTUS_config /proj/uppmax2026-1-61/nobackup/work/tede0387/braker3/braker3_last-exec/train.gb.train 1>/proj/uppmax2026-1-61/nobackup/work/tede0387/braker3/braker3_last-exec/firstetraining.stdout 2>/proj/uppmax2026-1-61/nobackup/work/tede0387/braker3/braker3_last-exec/errors/firstetraining.stderr
grep -c "exon doesn't end in stop codon" /proj/uppmax2026-1-61/nobackup/work/tede0387/braker3/braker3_last-exec/errors/firstetraining.stderr
# Tue May  5 23:20:53 2026: Error rate of missing stop codon is 0.956104252400549
# Tue May  5 23:20:53 2026: The appropriate value for "stopCodonExcludedFromCDS" seems to be "false".
# Tue May  5 23:20:53 2026: Setting value of "stopCodonExcludedFromCDS" in /proj/uppmax2026-1-61/nobackup/work/tede0387/braker3/braker3_last-exec/AUGUSTUS_config/species/niphotrichum_japonicum/niphotrichum_japonicum_parameters.cfg to "false"
# Tue May  5 23:20:53 2026: Running etraining again
/opt/Augustus/bin/etraining --species=niphotrichum_japonicum --AUGUSTUS_CONFIG_PATH=/proj/uppmax2026-1-61/nobackup/work/tede0387/braker3/braker3_last-exec/AUGUSTUS_config /proj/uppmax2026-1-61/nobackup/work/tede0387/braker3/braker3_last-exec/train.gb.train 1>/proj/uppmax2026-1-61/nobackup/work/tede0387/braker3/braker3_last-exec/firstetraining.stdout 2>/proj/uppmax2026-1-61/nobackup/work/tede0387/braker3/braker3_last-exec/errors/firstetraining.stderr
# Tue May  5 23:20:54 2026: Adjusting stop-codon frequencies in species_parameters.cfg according to /proj/uppmax2026-1-61/nobackup/work/tede0387/braker3/braker3_last-exec/firstetraining.stdout
# Tue May  5 23:20:54 2026: Setting frequency of stop codons to tag=0.295, taa=0.266, tga=0.439.
# Tue May  5 23:20:54 2026: First AUGUSTUS accuracy test
/opt/Augustus/bin/augustus --species=niphotrichum_japonicum --AUGUSTUS_CONFIG_PATH=/proj/uppmax2026-1-61/nobackup/work/tede0387/braker3/braker3_last-exec/AUGUSTUS_config /proj/uppmax2026-1-61/nobackup/work/tede0387/braker3/braker3_last-exec/train.gb.test 1>/proj/uppmax2026-1-61/nobackup/work/tede0387/braker3/braker3_last-exec/firsttest.stdout 2>/proj/uppmax2026-1-61/nobackup/work/tede0387/braker3/braker3_last-exec/errors/firsttest.stderr
# Tue May  5 23:21:44 2026: Computing accuracy of AUGUSTUS prediction (in test file derived from predictions on training data set stored in /proj/uppmax2026-1-61/nobackup/work/tede0387/braker3/braker3_last-exec/firsttest.stdout)
# Tue May  5 23:21:44 2026: The accuracy after initial training (no optimize_augustus.pl, no CRF) is 0.714666666666667
# Tue May  5 23:21:44 2026: optimizing AUGUSTUS parameters
/usr/bin/perl /opt/Augustus/scripts/optimize_augustus.pl --aug_exec_dir=/opt/Augustus/bin --rounds=5 --species=niphotrichum_japonicum --kfold=8 --AUGUSTUS_CONFIG_PATH=/proj/uppmax2026-1-61/nobackup/work/tede0387/braker3/braker3_last-exec/AUGUSTUS_config --onlytrain=/proj/uppmax2026-1-61/nobackup/work/tede0387/braker3/braker3_last-exec/train.gb.train.train --cpus=8 /proj/uppmax2026-1-61/nobackup/work/tede0387/braker3/braker3_last-exec/train.gb.train.test 1>/proj/uppmax2026-1-61/nobackup/work/tede0387/braker3/braker3_last-exec/optimize_augustus.stdout 2>/proj/uppmax2026-1-61/nobackup/work/tede0387/braker3/braker3_last-exec/errors/optimize_augustus.stderr
# Wed May  6 03:18:31 2026:  parameter optimization finished.
# Wed May  6 03:18:31 2026: Second etraining
/opt/Augustus/bin/etraining --species=niphotrichum_japonicum --AUGUSTUS_CONFIG_PATH=/proj/uppmax2026-1-61/nobackup/work/tede0387/braker3/braker3_last-exec/AUGUSTUS_config /proj/uppmax2026-1-61/nobackup/work/tede0387/braker3/braker3_last-exec/train.gb.train 1>/proj/uppmax2026-1-61/nobackup/work/tede0387/braker3/braker3_last-exec/secondetraining.stdout 2>/proj/uppmax2026-1-61/nobackup/work/tede0387/braker3/braker3_last-exec/errors/secondetraining.stderr
# Wed May  6 03:18:32 2026: Second AUGUSTUS accuracy test
/opt/Augustus/bin/augustus --species=niphotrichum_japonicum --AUGUSTUS_CONFIG_PATH=/proj/uppmax2026-1-61/nobackup/work/tede0387/braker3/braker3_last-exec/AUGUSTUS_config /proj/uppmax2026-1-61/nobackup/work/tede0387/braker3/braker3_last-exec/train.gb.test >/proj/uppmax2026-1-61/nobackup/work/tede0387/braker3/braker3_last-exec/secondtest.stdout 2>/proj/uppmax2026-1-61/nobackup/work/tede0387/braker3/braker3_last-exec/errors/secondtest.stderr
# Wed May  6 03:19:18 2026: Computing accuracy of AUGUSTUS prediction (in test file derived from predictions on training data set stored in /proj/uppmax2026-1-61/nobackup/work/tede0387/braker3/braker3_last-exec/secondtest.stdout)
# Wed May  6 03:19:18 2026: The accuracy after training (after optimize_augustus.pl, no CRF) is 0.725533333333333
# Wed May  6 03:19:18 2026: Copying optimized parameters to working directory /proj/uppmax2026-1-61/nobackup/work/tede0387/braker3/braker3_last-exec/species
cp -r /proj/uppmax2026-1-61/nobackup/work/tede0387/braker3/braker3_last-exec/AUGUSTUS_config/species/niphotrichum_japonicum /proj/uppmax2026-1-61/nobackup/work/tede0387/braker3/braker3_last-exec/species
#**********************************************************************************
#                               PREDICTING GENES WITH AUGUSTUS (NO UTRS)           
#**********************************************************************************
# Wed May  6 03:19:18 2026: RUNNING AUGUSTUS
# Wed May  6 03:19:18 2026: Preparing genome for running AUGUSTUS in parallel
# Wed May  6 03:19:18 2026: Creating directory for storing AUGUSTUS files (hints, temporarily) /proj/uppmax2026-1-61/nobackup/work/tede0387/braker3/braker3_last-exec/genome_split.
# Wed May  6 03:19:18 2026: splitting genome file in smaller parts for parallel execution of AUGUSTUS prediction
/usr/bin/perl /opt/Augustus/scripts/splitMfasta.pl /proj/uppmax2026-1-61/nobackup/work/tede0387/braker3/braker3_last-exec/genome.fa --outputpath=/proj/uppmax2026-1-61/nobackup/work/tede0387/braker3/braker3_last-exec/genome_split 2>/proj/uppmax2026-1-61/nobackup/work/tede0387/braker3/braker3_last-exec/errors/splitMfasta.stderr
cd /proj/uppmax2026-1-61/nobackup/work/tede0387/braker3/braker3_last-exec/genome_split; for f in genome.split.*; do NAME=`grep ">" $f`; mv $f ${NAME#>}.fa; done; cd ..
# Wed May  6 03:19:19 2026: Split genome file in 57 parts, finished.
# Wed May  6 03:19:19 2026: copy extrinsic file /opt/BRAKER/scripts/cfg/etp.cfg to working directory
cp /opt/BRAKER/scripts/cfg/etp.cfg /proj/uppmax2026-1-61/nobackup/work/tede0387/braker3/braker3_last-exec/species/niphotrichum_japonicum/ex1.cfg
# Wed May  6 03:19:19 2026: Making AUGUSTUS jobs with hintsfile /proj/uppmax2026-1-61/nobackup/work/tede0387/braker3/braker3_last-exec/hintsfile.gff, cfgFile /opt/BRAKER/scripts/cfg/etp.cfg, UTR status off, and hintId hints
# Wed May  6 03:19:19 2026: Creating directory for storing AUGUSTUS files (hints, temporarily) /proj/uppmax2026-1-61/nobackup/work/tede0387/braker3/braker3_last-exec/augustus_tmp.
# Wed May  6 03:19:19 2026: creating /proj/uppmax2026-1-61/nobackup/work/tede0387/braker3/braker3_last-exec/aug_hints.lst for AUGUSTUS jobs
# Wed May  6 03:19:19 2026: creating AUGUSTUS jobs (with hints)
cd /proj/uppmax2026-1-61/nobackup/work/tede0387/braker3/braker3_last-exec
/usr/bin/perl /opt/Augustus/scripts/createAugustusJoblist.pl --sequences=/proj/uppmax2026-1-61/nobackup/work/tede0387/braker3/braker3_last-exec/aug_hints.lst --wrap="#!/bin/bash" --overlap=500000 --chunksize=2500000 --outputdir=/proj/uppmax2026-1-61/nobackup/work/tede0387/braker3/braker3_last-exec/augustus_tmp --joblist=/proj/uppmax2026-1-61/nobackup/work/tede0387/braker3/braker3_last-exec/hints.job.lst --jobprefix=aug_hints_ --partitionHints --command "/opt/Augustus/bin/augustus --species=niphotrichum_japonicum --AUGUSTUS_CONFIG_PATH=/proj/uppmax2026-1-61/nobackup/work/tede0387/braker3/braker3_last-exec/AUGUSTUS_config --extrinsicCfgFile=/opt/BRAKER/scripts/cfg/etp.cfg --alternatives-from-evidence=true --UTR=off --exonnames=on --codingseq=on --allow_hinted_splicesites=gcag,atac " 2>/proj/uppmax2026-1-61/nobackup/work/tede0387/braker3/braker3_last-exec/errors/createAugustusJoblist_hints.stderr
cd ..
# Wed May  6 03:19:19 2026: Running AUGUSTUS jobs from /proj/uppmax2026-1-61/nobackup/work/tede0387/braker3/braker3_last-exec/hints.job.lst
# Wed May  6 03:19:19 2026: Running AUGUSTUS job 1
bash /proj/uppmax2026-1-61/nobackup/work/tede0387/braker3/braker3_last-exec/aug_hints_1
# Wed May  6 03:19:19 2026: Running AUGUSTUS job 2
bash /proj/uppmax2026-1-61/nobackup/work/tede0387/braker3/braker3_last-exec/aug_hints_2
# Wed May  6 03:19:19 2026: Running AUGUSTUS job 3
bash /proj/uppmax2026-1-61/nobackup/work/tede0387/braker3/braker3_last-exec/aug_hints_3
# Wed May  6 03:19:20 2026: Running AUGUSTUS job 4
bash /proj/uppmax2026-1-61/nobackup/work/tede0387/braker3/braker3_last-exec/aug_hints_4
# Wed May  6 03:19:20 2026: Running AUGUSTUS job 5
bash /proj/uppmax2026-1-61/nobackup/work/tede0387/braker3/braker3_last-exec/aug_hints_5
# Wed May  6 03:19:21 2026: Running AUGUSTUS job 6
bash /proj/uppmax2026-1-61/nobackup/work/tede0387/braker3/braker3_last-exec/aug_hints_6
# Wed May  6 03:20:13 2026: Running AUGUSTUS job 7
bash /proj/uppmax2026-1-61/nobackup/work/tede0387/braker3/braker3_last-exec/aug_hints_7
# Wed May  6 03:20:14 2026: Running AUGUSTUS job 8
bash /proj/uppmax2026-1-61/nobackup/work/tede0387/braker3/braker3_last-exec/aug_hints_8
# Wed May  6 03:22:24 2026: Running AUGUSTUS job 9
bash /proj/uppmax2026-1-61/nobackup/work/tede0387/braker3/braker3_last-exec/aug_hints_9
# Wed May  6 03:28:37 2026: Running AUGUSTUS job 10
bash /proj/uppmax2026-1-61/nobackup/work/tede0387/braker3/braker3_last-exec/aug_hints_10
# Wed May  6 03:28:42 2026: Running AUGUSTUS job 11
bash /proj/uppmax2026-1-61/nobackup/work/tede0387/braker3/braker3_last-exec/aug_hints_11
# Wed May  6 03:29:00 2026: Running AUGUSTUS job 12
bash /proj/uppmax2026-1-61/nobackup/work/tede0387/braker3/braker3_last-exec/aug_hints_12
# Wed May  6 03:29:02 2026: Running AUGUSTUS job 13
bash /proj/uppmax2026-1-61/nobackup/work/tede0387/braker3/braker3_last-exec/aug_hints_13
# Wed May  6 03:29:05 2026: Running AUGUSTUS job 14
bash /proj/uppmax2026-1-61/nobackup/work/tede0387/braker3/braker3_last-exec/aug_hints_14
# Wed May  6 03:29:06 2026: Running AUGUSTUS job 15
bash /proj/uppmax2026-1-61/nobackup/work/tede0387/braker3/braker3_last-exec/aug_hints_15
# Wed May  6 03:31:06 2026: Running AUGUSTUS job 16
bash /proj/uppmax2026-1-61/nobackup/work/tede0387/braker3/braker3_last-exec/aug_hints_16
# Wed May  6 03:31:31 2026: Running AUGUSTUS job 17
bash /proj/uppmax2026-1-61/nobackup/work/tede0387/braker3/braker3_last-exec/aug_hints_17
# Wed May  6 03:31:33 2026: Running AUGUSTUS job 18
bash /proj/uppmax2026-1-61/nobackup/work/tede0387/braker3/braker3_last-exec/aug_hints_18
# Wed May  6 03:31:36 2026: Running AUGUSTUS job 19
bash /proj/uppmax2026-1-61/nobackup/work/tede0387/braker3/braker3_last-exec/aug_hints_19
# Wed May  6 03:31:37 2026: Running AUGUSTUS job 20
bash /proj/uppmax2026-1-61/nobackup/work/tede0387/braker3/braker3_last-exec/aug_hints_20
# Wed May  6 03:31:45 2026: Running AUGUSTUS job 21
bash /proj/uppmax2026-1-61/nobackup/work/tede0387/braker3/braker3_last-exec/aug_hints_21
# Wed May  6 03:31:50 2026: Running AUGUSTUS job 22
bash /proj/uppmax2026-1-61/nobackup/work/tede0387/braker3/braker3_last-exec/aug_hints_22
# Wed May  6 03:31:52 2026: Running AUGUSTUS job 23
bash /proj/uppmax2026-1-61/nobackup/work/tede0387/braker3/braker3_last-exec/aug_hints_23
# Wed May  6 03:31:53 2026: Running AUGUSTUS job 24
bash /proj/uppmax2026-1-61/nobackup/work/tede0387/braker3/braker3_last-exec/aug_hints_24
# Wed May  6 03:32:34 2026: Running AUGUSTUS job 25
bash /proj/uppmax2026-1-61/nobackup/work/tede0387/braker3/braker3_last-exec/aug_hints_25
# Wed May  6 03:32:35 2026: Running AUGUSTUS job 26
bash /proj/uppmax2026-1-61/nobackup/work/tede0387/braker3/braker3_last-exec/aug_hints_26
# Wed May  6 03:34:14 2026: Running AUGUSTUS job 27
bash /proj/uppmax2026-1-61/nobackup/work/tede0387/braker3/braker3_last-exec/aug_hints_27
# Wed May  6 03:34:17 2026: Running AUGUSTUS job 28
bash /proj/uppmax2026-1-61/nobackup/work/tede0387/braker3/braker3_last-exec/aug_hints_28
# Wed May  6 03:34:19 2026: Running AUGUSTUS job 29
bash /proj/uppmax2026-1-61/nobackup/work/tede0387/braker3/braker3_last-exec/aug_hints_29
# Wed May  6 03:34:21 2026: Running AUGUSTUS job 30
bash /proj/uppmax2026-1-61/nobackup/work/tede0387/braker3/braker3_last-exec/aug_hints_30
# Wed May  6 03:34:34 2026: Running AUGUSTUS job 31
bash /proj/uppmax2026-1-61/nobackup/work/tede0387/braker3/braker3_last-exec/aug_hints_31
# Wed May  6 03:35:11 2026: Running AUGUSTUS job 32
bash /proj/uppmax2026-1-61/nobackup/work/tede0387/braker3/braker3_last-exec/aug_hints_32
# Wed May  6 03:35:13 2026: Running AUGUSTUS job 33
bash /proj/uppmax2026-1-61/nobackup/work/tede0387/braker3/braker3_last-exec/aug_hints_33
# Wed May  6 03:35:14 2026: Running AUGUSTUS job 34
bash /proj/uppmax2026-1-61/nobackup/work/tede0387/braker3/braker3_last-exec/aug_hints_34
# Wed May  6 03:35:40 2026: Running AUGUSTUS job 35
bash /proj/uppmax2026-1-61/nobackup/work/tede0387/braker3/braker3_last-exec/aug_hints_35
# Wed May  6 03:38:34 2026: Running AUGUSTUS job 36
bash /proj/uppmax2026-1-61/nobackup/work/tede0387/braker3/braker3_last-exec/aug_hints_36
# Wed May  6 03:38:36 2026: Running AUGUSTUS job 37
bash /proj/uppmax2026-1-61/nobackup/work/tede0387/braker3/braker3_last-exec/aug_hints_37
# Wed May  6 03:39:42 2026: Running AUGUSTUS job 38
bash /proj/uppmax2026-1-61/nobackup/work/tede0387/braker3/braker3_last-exec/aug_hints_38
# Wed May  6 03:40:26 2026: Running AUGUSTUS job 39
bash /proj/uppmax2026-1-61/nobackup/work/tede0387/braker3/braker3_last-exec/aug_hints_39
# Wed May  6 03:40:28 2026: Running AUGUSTUS job 40
bash /proj/uppmax2026-1-61/nobackup/work/tede0387/braker3/braker3_last-exec/aug_hints_40
# Wed May  6 03:40:31 2026: Running AUGUSTUS job 41
bash /proj/uppmax2026-1-61/nobackup/work/tede0387/braker3/braker3_last-exec/aug_hints_41
# Wed May  6 03:40:34 2026: Running AUGUSTUS job 42
bash /proj/uppmax2026-1-61/nobackup/work/tede0387/braker3/braker3_last-exec/aug_hints_42
# Wed May  6 03:44:49 2026: Running AUGUSTUS job 43
bash /proj/uppmax2026-1-61/nobackup/work/tede0387/braker3/braker3_last-exec/aug_hints_43
# Wed May  6 03:44:51 2026: Running AUGUSTUS job 44
bash /proj/uppmax2026-1-61/nobackup/work/tede0387/braker3/braker3_last-exec/aug_hints_44
# Wed May  6 03:47:04 2026: Running AUGUSTUS job 45
bash /proj/uppmax2026-1-61/nobackup/work/tede0387/braker3/braker3_last-exec/aug_hints_45
# Wed May  6 03:47:08 2026: Running AUGUSTUS job 46
bash /proj/uppmax2026-1-61/nobackup/work/tede0387/braker3/braker3_last-exec/aug_hints_46
# Wed May  6 03:47:09 2026: Running AUGUSTUS job 47
bash /proj/uppmax2026-1-61/nobackup/work/tede0387/braker3/braker3_last-exec/aug_hints_47
# Wed May  6 03:47:12 2026: Running AUGUSTUS job 48
bash /proj/uppmax2026-1-61/nobackup/work/tede0387/braker3/braker3_last-exec/aug_hints_48
# Wed May  6 03:47:19 2026: Running AUGUSTUS job 49
bash /proj/uppmax2026-1-61/nobackup/work/tede0387/braker3/braker3_last-exec/aug_hints_49
# Wed May  6 03:52:51 2026: Running AUGUSTUS job 50
bash /proj/uppmax2026-1-61/nobackup/work/tede0387/braker3/braker3_last-exec/aug_hints_50
# Wed May  6 03:53:01 2026: Running AUGUSTUS job 51
bash /proj/uppmax2026-1-61/nobackup/work/tede0387/braker3/braker3_last-exec/aug_hints_51
# Wed May  6 03:53:16 2026: Running AUGUSTUS job 52
bash /proj/uppmax2026-1-61/nobackup/work/tede0387/braker3/braker3_last-exec/aug_hints_52
# Wed May  6 03:53:18 2026: Running AUGUSTUS job 53
bash /proj/uppmax2026-1-61/nobackup/work/tede0387/braker3/braker3_last-exec/aug_hints_53
# Wed May  6 03:53:20 2026: Running AUGUSTUS job 54
bash /proj/uppmax2026-1-61/nobackup/work/tede0387/braker3/braker3_last-exec/aug_hints_54
# Wed May  6 03:53:23 2026: Running AUGUSTUS job 55
bash /proj/uppmax2026-1-61/nobackup/work/tede0387/braker3/braker3_last-exec/aug_hints_55
# Wed May  6 03:53:28 2026: Running AUGUSTUS job 56
bash /proj/uppmax2026-1-61/nobackup/work/tede0387/braker3/braker3_last-exec/aug_hints_56
# Wed May  6 03:53:29 2026: Running AUGUSTUS job 57
bash /proj/uppmax2026-1-61/nobackup/work/tede0387/braker3/braker3_last-exec/aug_hints_57
# Wed May  6 03:53:34 2026: Running AUGUSTUS job 58
bash /proj/uppmax2026-1-61/nobackup/work/tede0387/braker3/braker3_last-exec/aug_hints_58
# Wed May  6 03:53:43 2026: Running AUGUSTUS job 59
bash /proj/uppmax2026-1-61/nobackup/work/tede0387/braker3/braker3_last-exec/aug_hints_59
# Wed May  6 03:56:14 2026: Joining AUGUSTUS predictions in directory /proj/uppmax2026-1-61/nobackup/work/tede0387/braker3/braker3_last-exec/augustus_tmp
# Wed May  6 03:56:14 2026: Concatenating AUGUSTUS output files in /proj/uppmax2026-1-61/nobackup/work/tede0387/braker3/braker3_last-exec/augustus_tmp
cat /proj/uppmax2026-1-61/nobackup/work/tede0387/braker3/braker3_last-exec/augustus_tmp/22.001.contig_58_pilon.fa.1..305459.gff >> /proj/uppmax2026-1-61/nobackup/work/tede0387/braker3/braker3_last-exec/augustus.tmp1.gff
cat /proj/uppmax2026-1-61/nobackup/work/tede0387/braker3/braker3_last-exec/augustus_tmp/11.001.contig_108_pilon.fa.1..38304.gff >> /proj/uppmax2026-1-61/nobackup/work/tede0387/braker3/braker3_last-exec/augustus.tmp1.gff
cat /proj/uppmax2026-1-61/nobackup/work/tede0387/braker3/braker3_last-exec/augustus_tmp/13.001.contig_116_pilon.fa.1..544797.gff >> /proj/uppmax2026-1-61/nobackup/work/tede0387/braker3/braker3_last-exec/augustus.tmp1.gff
cat /proj/uppmax2026-1-61/nobackup/work/tede0387/braker3/braker3_last-exec/augustus_tmp/14.001.contig_130_pilon.fa.1..89665.gff >> /proj/uppmax2026-1-61/nobackup/work/tede0387/braker3/braker3_last-exec/augustus.tmp1.gff
cat /proj/uppmax2026-1-61/nobackup/work/tede0387/braker3/braker3_last-exec/augustus_tmp/25.001.contig_85_pilon.fa.1..30144.gff >> /proj/uppmax2026-1-61/nobackup/work/tede0387/braker3/braker3_last-exec/augustus.tmp1.gff
cat /proj/uppmax2026-1-61/nobackup/work/tede0387/braker3/braker3_last-exec/augustus_tmp/42.001.contig_8_pilon.fa.1..37318.gff >> /proj/uppmax2026-1-61/nobackup/work/tede0387/braker3/braker3_last-exec/augustus.tmp1.gff
cat /proj/uppmax2026-1-61/nobackup/work/tede0387/braker3/braker3_last-exec/augustus_tmp/8.001.contig_118_pilon.fa.1..54466.gff >> /proj/uppmax2026-1-61/nobackup/work/tede0387/braker3/braker3_last-exec/augustus.tmp1.gff
cat /proj/uppmax2026-1-61/nobackup/work/tede0387/braker3/braker3_last-exec/augustus_tmp/9.001.contig_126_pilon.fa.1..98874.gff >> /proj/uppmax2026-1-61/nobackup/work/tede0387/braker3/braker3_last-exec/augustus.tmp1.gff
cat /proj/uppmax2026-1-61/nobackup/work/tede0387/braker3/braker3_last-exec/augustus_tmp/26.001.contig_122_pilon.fa.1..17029.gff >> /proj/uppmax2026-1-61/nobackup/work/tede0387/braker3/braker3_last-exec/augustus.tmp1.gff
cat /proj/uppmax2026-1-61/nobackup/work/tede0387/braker3/braker3_last-exec/augustus_tmp/2.001.contig_91_pilon.fa.1..3140.gff >> /proj/uppmax2026-1-61/nobackup/work/tede0387/braker3/braker3_last-exec/augustus.tmp1.gff
cat /proj/uppmax2026-1-61/nobackup/work/tede0387/braker3/braker3_last-exec/augustus_tmp/3.001.contig_94_pilon.fa.1..2393.gff >> /proj/uppmax2026-1-61/nobackup/work/tede0387/braker3/braker3_last-exec/augustus.tmp1.gff
cat /proj/uppmax2026-1-61/nobackup/work/tede0387/braker3/braker3_last-exec/augustus_tmp/1.001.contig_20_pilon.fa.1..17835.gff >> /proj/uppmax2026-1-61/nobackup/work/tede0387/braker3/braker3_last-exec/augustus.tmp1.gff
cat /proj/uppmax2026-1-61/nobackup/work/tede0387/braker3/braker3_last-exec/augustus_tmp/27.001.contig_127_pilon.fa.1..18198.gff >> /proj/uppmax2026-1-61/nobackup/work/tede0387/braker3/braker3_last-exec/augustus.tmp1.gff
cat /proj/uppmax2026-1-61/nobackup/work/tede0387/braker3/braker3_last-exec/augustus_tmp/4.001.contig_70_pilon.fa.1..620320.gff >> /proj/uppmax2026-1-61/nobackup/work/tede0387/braker3/braker3_last-exec/augustus.tmp1.gff
cat /proj/uppmax2026-1-61/nobackup/work/tede0387/braker3/braker3_last-exec/augustus_tmp/29.001.contig_102_pilon.fa.1..176062.gff >> /proj/uppmax2026-1-61/nobackup/work/tede0387/braker3/braker3_last-exec/augustus.tmp1.gff
cat /proj/uppmax2026-1-61/nobackup/work/tede0387/braker3/braker3_last-exec/augustus_tmp/7.001.contig_75_pilon.fa.1..2500000.gff >> /proj/uppmax2026-1-61/nobackup/work/tede0387/braker3/braker3_last-exec/augustus.tmp1.gff
cat /proj/uppmax2026-1-61/nobackup/work/tede0387/braker3/braker3_last-exec/augustus_tmp/7.002.contig_75_pilon.fa.2000001..3463515.gff >> /proj/uppmax2026-1-61/nobackup/work/tede0387/braker3/braker3_last-exec/augustus.tmp1.gff
cat /proj/uppmax2026-1-61/nobackup/work/tede0387/braker3/braker3_last-exec/augustus_tmp/6.001.contig_11_pilon.fa.1..16864.gff >> /proj/uppmax2026-1-61/nobackup/work/tede0387/braker3/braker3_last-exec/augustus.tmp1.gff
cat /proj/uppmax2026-1-61/nobackup/work/tede0387/braker3/braker3_last-exec/augustus_tmp/30.001.contig_123_pilon.fa.1..8964.gff >> /proj/uppmax2026-1-61/nobackup/work/tede0387/braker3/braker3_last-exec/augustus.tmp1.gff
cat /proj/uppmax2026-1-61/nobackup/work/tede0387/braker3/braker3_last-exec/augustus_tmp/31.001.contig_115_pilon.fa.1..3782.gff >> /proj/uppmax2026-1-61/nobackup/work/tede0387/braker3/braker3_last-exec/augustus.tmp1.gff
cat /proj/uppmax2026-1-61/nobackup/work/tede0387/braker3/braker3_last-exec/augustus_tmp/18.001.contig_121_pilon.fa.1..86650.gff >> /proj/uppmax2026-1-61/nobackup/work/tede0387/braker3/braker3_last-exec/augustus.tmp1.gff
cat /proj/uppmax2026-1-61/nobackup/work/tede0387/braker3/braker3_last-exec/augustus_tmp/19.001.contig_114_pilon.fa.1..48379.gff >> /proj/uppmax2026-1-61/nobackup/work/tede0387/braker3/braker3_last-exec/augustus.tmp1.gff
cat /proj/uppmax2026-1-61/nobackup/work/tede0387/braker3/braker3_last-exec/augustus_tmp/10.001.contig_95_pilon.fa.1..26134.gff >> /proj/uppmax2026-1-61/nobackup/work/tede0387/braker3/braker3_last-exec/augustus.tmp1.gff
cat /proj/uppmax2026-1-61/nobackup/work/tede0387/braker3/braker3_last-exec/augustus_tmp/57.001.contig_7_pilon.fa.1..51312.gff >> /proj/uppmax2026-1-61/nobackup/work/tede0387/braker3/braker3_last-exec/augustus.tmp1.gff
cat /proj/uppmax2026-1-61/nobackup/work/tede0387/braker3/braker3_last-exec/augustus_tmp/12.001.contig_10_pilon.fa.1..2532.gff >> /proj/uppmax2026-1-61/nobackup/work/tede0387/braker3/braker3_last-exec/augustus.tmp1.gff
cat /proj/uppmax2026-1-61/nobackup/work/tede0387/braker3/braker3_last-exec/augustus_tmp/21.001.contig_112_pilon.fa.1..5994.gff >> /proj/uppmax2026-1-61/nobackup/work/tede0387/braker3/braker3_last-exec/augustus.tmp1.gff
cat /proj/uppmax2026-1-61/nobackup/work/tede0387/braker3/braker3_last-exec/augustus_tmp/54.001.contig_2_pilon.fa.1..47927.gff >> /proj/uppmax2026-1-61/nobackup/work/tede0387/braker3/braker3_last-exec/augustus.tmp1.gff
cat /proj/uppmax2026-1-61/nobackup/work/tede0387/braker3/braker3_last-exec/augustus_tmp/23.001.contig_101_pilon.fa.1..3047.gff >> /proj/uppmax2026-1-61/nobackup/work/tede0387/braker3/braker3_last-exec/augustus.tmp1.gff
cat /proj/uppmax2026-1-61/nobackup/work/tede0387/braker3/braker3_last-exec/augustus_tmp/16.001.contig_74_pilon.fa.1..27010.gff >> /proj/uppmax2026-1-61/nobackup/work/tede0387/braker3/braker3_last-exec/augustus.tmp1.gff
cat /proj/uppmax2026-1-61/nobackup/work/tede0387/braker3/braker3_last-exec/augustus_tmp/24.001.contig_125_pilon.fa.1..388355.gff >> /proj/uppmax2026-1-61/nobackup/work/tede0387/braker3/braker3_last-exec/augustus.tmp1.gff
cat /proj/uppmax2026-1-61/nobackup/work/tede0387/braker3/braker3_last-exec/augustus_tmp/15.001.contig_15_pilon.fa.1..17156.gff >> /proj/uppmax2026-1-61/nobackup/work/tede0387/braker3/braker3_last-exec/augustus.tmp1.gff
cat /proj/uppmax2026-1-61/nobackup/work/tede0387/braker3/braker3_last-exec/augustus_tmp/17.001.contig_90_pilon.fa.1..3703.gff >> /proj/uppmax2026-1-61/nobackup/work/tede0387/braker3/braker3_last-exec/augustus.tmp1.gff
cat /proj/uppmax2026-1-61/nobackup/work/tede0387/braker3/braker3_last-exec/augustus_tmp/46.001.contig_19_pilon.fa.1..1702686.gff >> /proj/uppmax2026-1-61/nobackup/work/tede0387/braker3/braker3_last-exec/augustus.tmp1.gff
cat /proj/uppmax2026-1-61/nobackup/work/tede0387/braker3/braker3_last-exec/augustus_tmp/47.001.contig_28_pilon.fa.1..104905.gff >> /proj/uppmax2026-1-61/nobackup/work/tede0387/braker3/braker3_last-exec/augustus.tmp1.gff
cat /proj/uppmax2026-1-61/nobackup/work/tede0387/braker3/braker3_last-exec/augustus_tmp/5.001.contig_6_pilon.fa.1..383182.gff >> /proj/uppmax2026-1-61/nobackup/work/tede0387/braker3/braker3_last-exec/augustus.tmp1.gff
cat /proj/uppmax2026-1-61/nobackup/work/tede0387/braker3/braker3_last-exec/augustus_tmp/40.001.contig_109_pilon.fa.1..18325.gff >> /proj/uppmax2026-1-61/nobackup/work/tede0387/braker3/braker3_last-exec/augustus.tmp1.gff
cat /proj/uppmax2026-1-61/nobackup/work/tede0387/braker3/braker3_last-exec/augustus_tmp/49.001.contig_61_pilon.fa.1..21671.gff >> /proj/uppmax2026-1-61/nobackup/work/tede0387/braker3/braker3_last-exec/augustus.tmp1.gff
cat /proj/uppmax2026-1-61/nobackup/work/tede0387/braker3/braker3_last-exec/augustus_tmp/52.001.contig_86_pilon.fa.1..59357.gff >> /proj/uppmax2026-1-61/nobackup/work/tede0387/braker3/braker3_last-exec/augustus.tmp1.gff
cat /proj/uppmax2026-1-61/nobackup/work/tede0387/braker3/braker3_last-exec/augustus_tmp/51.001.contig_18_pilon.fa.1..35604.gff >> /proj/uppmax2026-1-61/nobackup/work/tede0387/braker3/braker3_last-exec/augustus.tmp1.gff
cat /proj/uppmax2026-1-61/nobackup/work/tede0387/braker3/braker3_last-exec/augustus_tmp/50.001.contig_60_pilon.fa.1..23453.gff >> /proj/uppmax2026-1-61/nobackup/work/tede0387/braker3/braker3_last-exec/augustus.tmp1.gff
cat /proj/uppmax2026-1-61/nobackup/work/tede0387/braker3/braker3_last-exec/augustus_tmp/34.001.contig_119_pilon.fa.1..351674.gff >> /proj/uppmax2026-1-61/nobackup/work/tede0387/braker3/braker3_last-exec/augustus.tmp1.gff
cat /proj/uppmax2026-1-61/nobackup/work/tede0387/braker3/braker3_last-exec/augustus_tmp/53.001.contig_29_pilon.fa.1..13542.gff >> /proj/uppmax2026-1-61/nobackup/work/tede0387/braker3/braker3_last-exec/augustus.tmp1.gff
cat /proj/uppmax2026-1-61/nobackup/work/tede0387/braker3/braker3_last-exec/augustus_tmp/56.001.contig_23_pilon.fa.1..642.gff >> /proj/uppmax2026-1-61/nobackup/work/tede0387/braker3/braker3_last-exec/augustus.tmp1.gff
cat /proj/uppmax2026-1-61/nobackup/work/tede0387/braker3/braker3_last-exec/augustus_tmp/55.001.contig_98_pilon.fa.1..51558.gff >> /proj/uppmax2026-1-61/nobackup/work/tede0387/braker3/braker3_last-exec/augustus.tmp1.gff
cat /proj/uppmax2026-1-61/nobackup/work/tede0387/braker3/braker3_last-exec/augustus_tmp/32.001.contig_31_pilon.fa.1..2500000.gff >> /proj/uppmax2026-1-61/nobackup/work/tede0387/braker3/braker3_last-exec/augustus.tmp1.gff
cat /proj/uppmax2026-1-61/nobackup/work/tede0387/braker3/braker3_last-exec/augustus_tmp/32.002.contig_31_pilon.fa.2000001..2929099.gff >> /proj/uppmax2026-1-61/nobackup/work/tede0387/braker3/braker3_last-exec/augustus.tmp1.gff
cat /proj/uppmax2026-1-61/nobackup/work/tede0387/braker3/braker3_last-exec/augustus_tmp/33.001.contig_16_pilon.fa.1..13107.gff >> /proj/uppmax2026-1-61/nobackup/work/tede0387/braker3/braker3_last-exec/augustus.tmp1.gff
cat /proj/uppmax2026-1-61/nobackup/work/tede0387/braker3/braker3_last-exec/augustus_tmp/36.001.contig_44_pilon.fa.1..17511.gff >> /proj/uppmax2026-1-61/nobackup/work/tede0387/braker3/braker3_last-exec/augustus.tmp1.gff
cat /proj/uppmax2026-1-61/nobackup/work/tede0387/braker3/braker3_last-exec/augustus_tmp/20.001.contig_3_pilon.fa.1..17413.gff >> /proj/uppmax2026-1-61/nobackup/work/tede0387/braker3/braker3_last-exec/augustus.tmp1.gff
cat /proj/uppmax2026-1-61/nobackup/work/tede0387/braker3/braker3_last-exec/augustus_tmp/35.001.contig_52_pilon.fa.1..255844.gff >> /proj/uppmax2026-1-61/nobackup/work/tede0387/braker3/braker3_last-exec/augustus.tmp1.gff
cat /proj/uppmax2026-1-61/nobackup/work/tede0387/braker3/braker3_last-exec/augustus_tmp/37.001.contig_55_pilon.fa.1..27174.gff >> /proj/uppmax2026-1-61/nobackup/work/tede0387/braker3/braker3_last-exec/augustus.tmp1.gff
cat /proj/uppmax2026-1-61/nobackup/work/tede0387/braker3/braker3_last-exec/augustus_tmp/38.001.contig_35_pilon.fa.1..25706.gff >> /proj/uppmax2026-1-61/nobackup/work/tede0387/braker3/braker3_last-exec/augustus.tmp1.gff
cat /proj/uppmax2026-1-61/nobackup/work/tede0387/braker3/braker3_last-exec/augustus_tmp/39.001.contig_26_pilon.fa.1..1267644.gff >> /proj/uppmax2026-1-61/nobackup/work/tede0387/braker3/braker3_last-exec/augustus.tmp1.gff
cat /proj/uppmax2026-1-61/nobackup/work/tede0387/braker3/braker3_last-exec/augustus_tmp/28.001.contig_5_pilon.fa.1..403120.gff >> /proj/uppmax2026-1-61/nobackup/work/tede0387/braker3/braker3_last-exec/augustus.tmp1.gff
cat /proj/uppmax2026-1-61/nobackup/work/tede0387/braker3/braker3_last-exec/augustus_tmp/48.001.contig_120_pilon.fa.1..1084930.gff >> /proj/uppmax2026-1-61/nobackup/work/tede0387/braker3/braker3_last-exec/augustus.tmp1.gff
cat /proj/uppmax2026-1-61/nobackup/work/tede0387/braker3/braker3_last-exec/augustus_tmp/43.001.contig_83_pilon.fa.1..10037.gff >> /proj/uppmax2026-1-61/nobackup/work/tede0387/braker3/braker3_last-exec/augustus.tmp1.gff
cat /proj/uppmax2026-1-61/nobackup/work/tede0387/braker3/braker3_last-exec/augustus_tmp/41.001.contig_45_pilon.fa.1..1910209.gff >> /proj/uppmax2026-1-61/nobackup/work/tede0387/braker3/braker3_last-exec/augustus.tmp1.gff
cat /proj/uppmax2026-1-61/nobackup/work/tede0387/braker3/braker3_last-exec/augustus_tmp/45.001.contig_77_pilon.fa.1..64888.gff >> /proj/uppmax2026-1-61/nobackup/work/tede0387/braker3/braker3_last-exec/augustus.tmp1.gff
cat /proj/uppmax2026-1-61/nobackup/work/tede0387/braker3/braker3_last-exec/augustus_tmp/44.001.contig_51_pilon.fa.1..32752.gff >> /proj/uppmax2026-1-61/nobackup/work/tede0387/braker3/braker3_last-exec/augustus.tmp1.gff
/usr/bin/perl /opt/Augustus/scripts/join_aug_pred.pl < /proj/uppmax2026-1-61/nobackup/work/tede0387/braker3/braker3_last-exec/augustus.tmp1.gff > /proj/uppmax2026-1-61/nobackup/work/tede0387/braker3/braker3_last-exec/augustus.hints.gff
# Wed May  6 03:56:15 2026: Deleting /proj/uppmax2026-1-61/nobackup/work/tede0387/braker3/braker3_last-exec/augustus_tmp
# Wed May  6 03:56:15 2026: Deleting /proj/uppmax2026-1-61/nobackup/work/tede0387/braker3/braker3_last-exec/augustus.tmp1.gff
# Wed May  6 03:56:15 2026: deleting files from AUGUSTUS parallelization
rm /proj/uppmax2026-1-61/nobackup/work/tede0387/braker3/braker3_last-exec/aug_hints_39
rm /proj/uppmax2026-1-61/nobackup/work/tede0387/braker3/braker3_last-exec/aug_hints_57
rm /proj/uppmax2026-1-61/nobackup/work/tede0387/braker3/braker3_last-exec/aug_hints_2
rm /proj/uppmax2026-1-61/nobackup/work/tede0387/braker3/braker3_last-exec/aug_hints_55
rm /proj/uppmax2026-1-61/nobackup/work/tede0387/braker3/braker3_last-exec/aug_hints_42
rm /proj/uppmax2026-1-61/nobackup/work/tede0387/braker3/braker3_last-exec/aug_hints_6
rm /proj/uppmax2026-1-61/nobackup/work/tede0387/braker3/braker3_last-exec/aug_hints_12
rm /proj/uppmax2026-1-61/nobackup/work/tede0387/braker3/braker3_last-exec/aug_hints_18
rm /proj/uppmax2026-1-61/nobackup/work/tede0387/braker3/braker3_last-exec/aug_hints_3
rm /proj/uppmax2026-1-61/nobackup/work/tede0387/braker3/braker3_last-exec/aug_hints_32
rm /proj/uppmax2026-1-61/nobackup/work/tede0387/braker3/braker3_last-exec/aug_hints_19
rm /proj/uppmax2026-1-61/nobackup/work/tede0387/braker3/braker3_last-exec/aug_hints_17
rm /proj/uppmax2026-1-61/nobackup/work/tede0387/braker3/braker3_last-exec/aug_hints_24
rm /proj/uppmax2026-1-61/nobackup/work/tede0387/braker3/braker3_last-exec/aug_hints_43
rm /proj/uppmax2026-1-61/nobackup/work/tede0387/braker3/braker3_last-exec/aug_hints_9
rm /proj/uppmax2026-1-61/nobackup/work/tede0387/braker3/braker3_last-exec/aug_hints_26
rm /proj/uppmax2026-1-61/nobackup/work/tede0387/braker3/braker3_last-exec/aug_hints_7
rm /proj/uppmax2026-1-61/nobackup/work/tede0387/braker3/braker3_last-exec/aug_hints_21
rm /proj/uppmax2026-1-61/nobackup/work/tede0387/braker3/braker3_last-exec/aug_hints_58
rm /proj/uppmax2026-1-61/nobackup/work/tede0387/braker3/braker3_last-exec/aug_hints_54
rm /proj/uppmax2026-1-61/nobackup/work/tede0387/braker3/braker3_last-exec/aug_hints_40
rm /proj/uppmax2026-1-61/nobackup/work/tede0387/braker3/braker3_last-exec/aug_hints_56
rm /proj/uppmax2026-1-61/nobackup/work/tede0387/braker3/braker3_last-exec/aug_hints_33
rm /proj/uppmax2026-1-61/nobackup/work/tede0387/braker3/braker3_last-exec/aug_hints_31
rm /proj/uppmax2026-1-61/nobackup/work/tede0387/braker3/braker3_last-exec/aug_hints_20
rm /proj/uppmax2026-1-61/nobackup/work/tede0387/braker3/braker3_last-exec/aug_hints_44
rm /proj/uppmax2026-1-61/nobackup/work/tede0387/braker3/braker3_last-exec/aug_hints_23
rm /proj/uppmax2026-1-61/nobackup/work/tede0387/braker3/braker3_last-exec/aug_hints_11
rm /proj/uppmax2026-1-61/nobackup/work/tede0387/braker3/braker3_last-exec/aug_hints_15
rm /proj/uppmax2026-1-61/nobackup/work/tede0387/braker3/braker3_last-exec/aug_hints_45
rm /proj/uppmax2026-1-61/nobackup/work/tede0387/braker3/braker3_last-exec/aug_hints_13
rm /proj/uppmax2026-1-61/nobackup/work/tede0387/braker3/braker3_last-exec/aug_hints_34
rm /proj/uppmax2026-1-61/nobackup/work/tede0387/braker3/braker3_last-exec/aug_hints_4
rm /proj/uppmax2026-1-61/nobackup/work/tede0387/braker3/braker3_last-exec/aug_hints_22
rm /proj/uppmax2026-1-61/nobackup/work/tede0387/braker3/braker3_last-exec/aug_hints_5
rm /proj/uppmax2026-1-61/nobackup/work/tede0387/braker3/braker3_last-exec/aug_hints_41
rm /proj/uppmax2026-1-61/nobackup/work/tede0387/braker3/braker3_last-exec/aug_hints_16
rm /proj/uppmax2026-1-61/nobackup/work/tede0387/braker3/braker3_last-exec/aug_hints_48
rm /proj/uppmax2026-1-61/nobackup/work/tede0387/braker3/braker3_last-exec/aug_hints_35
rm /proj/uppmax2026-1-61/nobackup/work/tede0387/braker3/braker3_last-exec/aug_hints_53
rm /proj/uppmax2026-1-61/nobackup/work/tede0387/braker3/braker3_last-exec/aug_hints_46
rm /proj/uppmax2026-1-61/nobackup/work/tede0387/braker3/braker3_last-exec/aug_hints_59
rm /proj/uppmax2026-1-61/nobackup/work/tede0387/braker3/braker3_last-exec/aug_hints_25
rm /proj/uppmax2026-1-61/nobackup/work/tede0387/braker3/braker3_last-exec/aug_hints_36
rm /proj/uppmax2026-1-61/nobackup/work/tede0387/braker3/braker3_last-exec/aug_hints_8
rm /proj/uppmax2026-1-61/nobackup/work/tede0387/braker3/braker3_last-exec/aug_hints_38
rm /proj/uppmax2026-1-61/nobackup/work/tede0387/braker3/braker3_last-exec/aug_hints_1
rm /proj/uppmax2026-1-61/nobackup/work/tede0387/braker3/braker3_last-exec/aug_hints_49
rm /proj/uppmax2026-1-61/nobackup/work/tede0387/braker3/braker3_last-exec/aug_hints_27
rm /proj/uppmax2026-1-61/nobackup/work/tede0387/braker3/braker3_last-exec/aug_hints_52
rm /proj/uppmax2026-1-61/nobackup/work/tede0387/braker3/braker3_last-exec/aug_hints_50
rm /proj/uppmax2026-1-61/nobackup/work/tede0387/braker3/braker3_last-exec/aug_hints_51
rm /proj/uppmax2026-1-61/nobackup/work/tede0387/braker3/braker3_last-exec/aug_hints_30
rm /proj/uppmax2026-1-61/nobackup/work/tede0387/braker3/braker3_last-exec/aug_hints_10
rm /proj/uppmax2026-1-61/nobackup/work/tede0387/braker3/braker3_last-exec/aug_hints_28
rm /proj/uppmax2026-1-61/nobackup/work/tede0387/braker3/braker3_last-exec/aug_hints_37
rm /proj/uppmax2026-1-61/nobackup/work/tede0387/braker3/braker3_last-exec/aug_hints_29
rm /proj/uppmax2026-1-61/nobackup/work/tede0387/braker3/braker3_last-exec/aug_hints_47
rm /proj/uppmax2026-1-61/nobackup/work/tede0387/braker3/braker3_last-exec/aug_hints_14
# Wed May  6 03:56:15 2026: Making a gtf file from /proj/uppmax2026-1-61/nobackup/work/tede0387/braker3/braker3_last-exec/augustus.hints.gff
cat /proj/uppmax2026-1-61/nobackup/work/tede0387/braker3/braker3_last-exec/augustus.hints.gff | /usr/bin/perl -ne 'if(m/\tAUGUSTUS\t/) {print $_;}' | /usr/bin/perl /opt/Augustus/scripts/gtf2gff.pl --printExon --out=/proj/uppmax2026-1-61/nobackup/work/tede0387/braker3/braker3_last-exec/augustus.hints.tmp.gtf 2>/proj/uppmax2026-1-61/nobackup/work/tede0387/braker3/braker3_last-exec/errors/gtf2gff.augustus.hints.gtf.stderr
# Wed May  6 03:56:16 2026: Making a fasta file with protein sequences of /proj/uppmax2026-1-61/nobackup/work/tede0387/braker3/braker3_last-exec/augustus.hints.gtf
/opt/conda/bin/python3 /opt/Augustus/scripts/getAnnoFastaFromJoingenes.py -g /proj/uppmax2026-1-61/nobackup/work/tede0387/braker3/braker3_last-exec/genome.fa -f /proj/uppmax2026-1-61/nobackup/work/tede0387/braker3/braker3_last-exec/augustus.hints.gtf -o /proj/uppmax2026-1-61/nobackup/work/tede0387/braker3/braker3_last-exec/augustus.hints 1> /proj/uppmax2026-1-61/nobackup/work/tede0387/braker3/braker3_last-exec/getAnnoFastaFromJoingenes.augustus.hints_tmp.stdout 2>/proj/uppmax2026-1-61/nobackup/work/tede0387/braker3/braker3_last-exec/errors/getAnnoFastaFromJoingenes.augustus.hints_tmp.stderr
# Wed May  6 03:56:17 2026: fixing AUGUSTUS genes with in frame stop codons...
/opt/conda/bin/python3 /opt/Augustus/scripts/fix_in_frame_stop_codon_genes.py -g /proj/uppmax2026-1-61/nobackup/work/tede0387/braker3/braker3_last-exec/genome.fa -t /proj/uppmax2026-1-61/nobackup/work/tede0387/braker3/braker3_last-exec/augustus.hints.gtf -b /proj/uppmax2026-1-61/nobackup/work/tede0387/braker3/braker3_last-exec/bad_genes.lst -o augustus.hints_fix_ifs_ -s niphotrichum_japonicum -m off --UTR off --print_utr off -a /proj/uppmax2026-1-61/nobackup/work/tede0387/braker3/braker3_last-exec/AUGUSTUS_config -C /opt/cdbfasta -A /opt/Augustus/bin -S /opt/Augustus/scripts -H /proj/uppmax2026-1-61/nobackup/work/tede0387/braker3/braker3_last-exec/hintsfile.gff -e /opt/BRAKER/scripts/cfg/etp.cfg  > /proj/uppmax2026-1-61/nobackup/work/tede0387/braker3/braker3_last-exec/fix_in_frame_stop_codon_genes_augustus.hints.log 2> /proj/uppmax2026-1-61/nobackup/work/tede0387/braker3/braker3_last-exec/errors/fix_in_frame_stop_codon_genes_augustus.hints.err
# Wed May  6 03:56:22 2026: Moving gene prediction file without in frame stop codons to location of original file (overwriting it)...
mv /proj/uppmax2026-1-61/nobackup/work/tede0387/braker3/braker3_last-exec/augustus.hints_fix_ifs_.gtf /proj/uppmax2026-1-61/nobackup/work/tede0387/braker3/braker3_last-exec/augustus.hints.gtf
# Wed May  6 03:56:22 2026: Deleting file with genes with in frame stop codons...
rm /proj/uppmax2026-1-61/nobackup/work/tede0387/braker3/braker3_last-exec/bad_genes.lst
# Wed May  6 03:56:22 2026: Making a fasta file with protein sequences of /proj/uppmax2026-1-61/nobackup/work/tede0387/braker3/braker3_last-exec/augustus.hints.gtf
/opt/conda/bin/python3 /opt/Augustus/scripts/getAnnoFastaFromJoingenes.py -g /proj/uppmax2026-1-61/nobackup/work/tede0387/braker3/braker3_last-exec/genome.fa -f /proj/uppmax2026-1-61/nobackup/work/tede0387/braker3/braker3_last-exec/augustus.hints.gtf -o /proj/uppmax2026-1-61/nobackup/work/tede0387/braker3/braker3_last-exec/augustus.hints 1> /proj/uppmax2026-1-61/nobackup/work/tede0387/braker3/braker3_last-exec/getAnnoFastaFromJoingenes.augustus.hints_hints.stdout 2>/proj/uppmax2026-1-61/nobackup/work/tede0387/braker3/braker3_last-exec/errors/getAnnoFastaFromJoingenes.augustus.hints_hints.stderr
# Wed May  6 03:56:23 2026: AUGUSTUS prediction complete
# Wed May  6 03:56:23 2026: Trying to create merged gene set from GeneMark-EX and AUGUSTUS predictions (braker.gtf/braker.utr.gtf)...
# Wed May  6 03:56:23 2026: Trying to create combined gene set with TSEBRA...
/opt/TSEBRA/bin/tsebra.py --gtf /proj/uppmax2026-1-61/nobackup/work/tede0387/braker3/braker3_last-exec/augustus.hints.gtf,/proj/uppmax2026-1-61/nobackup/work/tede0387/braker3/braker3_last-exec/GeneMark-ETP/genemark.gtf --keep_gtf /proj/uppmax2026-1-61/nobackup/work/tede0387/braker3/braker3_last-exec/GeneMark-ETP/training.gtf --hintfiles /proj/uppmax2026-1-61/nobackup/work/tede0387/braker3/braker3_last-exec/hintsfile.gff --cfg /opt/TSEBRA/bin/../config/braker3.cfg --out /proj/uppmax2026-1-61/nobackup/work/tede0387/braker3/braker3_last-exec/braker.gtf -q 2>/proj/uppmax2026-1-61/nobackup/work/tede0387/braker3/braker3_last-exec/errors/tsebra.stderr
mv /proj/uppmax2026-1-61/nobackup/work/tede0387/braker3/braker3_last-exec/braker.gtf /proj/uppmax2026-1-61/nobackup/work/tede0387/braker3/braker3_last-exec/braker.gtf_temp
# Wed May  6 03:56:25 2026: Making a fasta file with protein sequences of /proj/uppmax2026-1-61/nobackup/work/tede0387/braker3/braker3_last-exec/braker.gtf
/opt/conda/bin/python3 /opt/Augustus/scripts/getAnnoFastaFromJoingenes.py -g /proj/uppmax2026-1-61/nobackup/work/tede0387/braker3/braker3_last-exec/genome.fa -f /proj/uppmax2026-1-61/nobackup/work/tede0387/braker3/braker3_last-exec/braker.gtf -o /proj/uppmax2026-1-61/nobackup/work/tede0387/braker3/braker3_last-exec/braker 1> /proj/uppmax2026-1-61/nobackup/work/tede0387/braker3/braker3_last-exec/getAnnoFastaFromJoingenes.braker_.stdout 2>/proj/uppmax2026-1-61/nobackup/work/tede0387/braker3/braker3_last-exec/errors/getAnnoFastaFromJoingenes.braker_.stderr
# Wed May  6 03:56:26 2026: deleting empty files
# Wed May  6 03:56:26 2026: find /proj/uppmax2026-1-61/nobackup/work/tede0387/braker3/braker3_last-exec -empty
rm /proj/uppmax2026-1-61/nobackup/work/tede0387/braker3/braker3_last-exec/getAnnoFastaFromJoingenes.braker_.stdout
rm /proj/uppmax2026-1-61/nobackup/work/tede0387/braker3/braker3_last-exec/fix_in_frame_stop_codon_genes_augustus.hints.log
rm /proj/uppmax2026-1-61/nobackup/work/tede0387/braker3/braker3_last-exec/errors/getAnnoFastaFromJoingenes.augustus.hints_hints.stderr
rm /proj/uppmax2026-1-61/nobackup/work/tede0387/braker3/braker3_last-exec/errors/createAugustusJoblist_hints.stderr
rm /proj/uppmax2026-1-61/nobackup/work/tede0387/braker3/braker3_last-exec/errors/samtools.sort.Heat_1.sorted.stdout
rm /proj/uppmax2026-1-61/nobackup/work/tede0387/braker3/braker3_last-exec/errors/join_mult_hints.all.stderr
rm /proj/uppmax2026-1-61/nobackup/work/tede0387/braker3/braker3_last-exec/errors/filterGenesIn_mRNAname.stderr
rm /proj/uppmax2026-1-61/nobackup/work/tede0387/braker3/braker3_last-exec/errors/find_python3_re.err
rm /proj/uppmax2026-1-61/nobackup/work/tede0387/braker3/braker3_last-exec/errors/get_etp_hints.stdout
rm /proj/uppmax2026-1-61/nobackup/work/tede0387/braker3/braker3_last-exec/errors/samtools.sort.Heat_2.sorted.stdout
rm /proj/uppmax2026-1-61/nobackup/work/tede0387/braker3/braker3_last-exec/errors/secondtest.stderr
rm /proj/uppmax2026-1-61/nobackup/work/tede0387/braker3/braker3_last-exec/errors/firstetraining.stderr
rm /proj/uppmax2026-1-61/nobackup/work/tede0387/braker3/braker3_last-exec/errors/samtools.sort.Control_2.sorted.stdout
rm /proj/uppmax2026-1-61/nobackup/work/tede0387/braker3/braker3_last-exec/errors/optimize_augustus.stderr
rm /proj/uppmax2026-1-61/nobackup/work/tede0387/braker3/braker3_last-exec/errors/samtools.sort.Heat_3.sorted.stdout
rm /proj/uppmax2026-1-61/nobackup/work/tede0387/braker3/braker3_last-exec/errors/find_python3_biopython.err
rm /proj/uppmax2026-1-61/nobackup/work/tede0387/braker3/braker3_last-exec/errors/sortGeneMark.err
rm /proj/uppmax2026-1-61/nobackup/work/tede0387/braker3/braker3_last-exec/errors/randomSplit.stderr
rm /proj/uppmax2026-1-61/nobackup/work/tede0387/braker3/braker3_last-exec/errors/get_etp_hints.stderr
rm /proj/uppmax2026-1-61/nobackup/work/tede0387/braker3/braker3_last-exec/errors/tsebra.stderr
rm /proj/uppmax2026-1-61/nobackup/work/tede0387/braker3/braker3_last-exec/errors/filterGenesIn.stderr
rm /proj/uppmax2026-1-61/nobackup/work/tede0387/braker3/braker3_last-exec/errors/fix_in_frame_stop_codon_genes_augustus.hints.err
rm /proj/uppmax2026-1-61/nobackup/work/tede0387/braker3/braker3_last-exec/errors/samtools.sort.Control_3.sorted.stdout
rm /proj/uppmax2026-1-61/nobackup/work/tede0387/braker3/braker3_last-exec/errors/samtools.sort.Control_1.sorted.stdout
rm /proj/uppmax2026-1-61/nobackup/work/tede0387/braker3/braker3_last-exec/errors/new_species.stderr
rm /proj/uppmax2026-1-61/nobackup/work/tede0387/braker3/braker3_last-exec/errors/gtf2gff.augustus.hints.gtf.stderr
rm /proj/uppmax2026-1-61/nobackup/work/tede0387/braker3/braker3_last-exec/errors/getAnnoFastaFromJoingenes.braker_.stderr
rm /proj/uppmax2026-1-61/nobackup/work/tede0387/braker3/braker3_last-exec/errors/etrainFilterGenes.stderr
rm /proj/uppmax2026-1-61/nobackup/work/tede0387/braker3/braker3_last-exec/errors/secondetraining.stderr
rm /proj/uppmax2026-1-61/nobackup/work/tede0387/braker3/braker3_last-exec/errors/tsebra_rename.stderr
rm /proj/uppmax2026-1-61/nobackup/work/tede0387/braker3/braker3_last-exec/errors/firsttest.stderr
rm /proj/uppmax2026-1-61/nobackup/work/tede0387/braker3/braker3_last-exec/errors/splitMfasta.stderr
rm /proj/uppmax2026-1-61/nobackup/work/tede0387/braker3/braker3_last-exec/errors/gc_content.stderr
rm /proj/uppmax2026-1-61/nobackup/work/tede0387/braker3/braker3_last-exec/errors/getAnnoFastaFromJoingenes.augustus.hints_tmp.stderr
rm /proj/uppmax2026-1-61/nobackup/work/tede0387/braker3/braker3_last-exec/errors/traingenes.gtf_gff2gbSmallDNA.stderr
rm /proj/uppmax2026-1-61/nobackup/work/tede0387/braker3/braker3_last-exec/getAnnoFastaFromJoingenes.augustus.hints_hints.stdout
# Wed May  6 03:56:37 2026: deleting job lst files (if existing)
rm /proj/uppmax2026-1-61/nobackup/work/tede0387/braker3/braker3_last-exec/firstetraining.stdout
rm /proj/uppmax2026-1-61/nobackup/work/tede0387/braker3/braker3_last-exec/train.gb.test
rm /proj/uppmax2026-1-61/nobackup/work/tede0387/braker3/braker3_last-exec/gbFilterEtraining.stdout
rm /proj/uppmax2026-1-61/nobackup/work/tede0387/braker3/braker3_last-exec/train.ff.gb
rm /proj/uppmax2026-1-61/nobackup/work/tede0387/braker3/braker3_last-exec/traingenes.good.gtf
rm /proj/uppmax2026-1-61/nobackup/work/tede0387/braker3/braker3_last-exec/fix_IFS_log_aeabamdo
rm /proj/uppmax2026-1-61/nobackup/work/tede0387/braker3/braker3_last-exec/tmp_no_merge_hints.gff
rm /proj/uppmax2026-1-61/nobackup/work/tede0387/braker3/braker3_last-exec/aa2nonred.stdout
rm /proj/uppmax2026-1-61/nobackup/work/tede0387/braker3/braker3_last-exec/nonred.loci.lst
rm /proj/uppmax2026-1-61/nobackup/work/tede0387/braker3/braker3_last-exec/tmp_merge_hints.gff
rm /proj/uppmax2026-1-61/nobackup/work/tede0387/braker3/braker3_last-exec/train.gb.train
rm /proj/uppmax2026-1-61/nobackup/work/tede0387/braker3/braker3_last-exec/etrain.bad.lst
rm /proj/uppmax2026-1-61/nobackup/work/tede0387/braker3/braker3_last-exec/traingenes.gtf
rm /proj/uppmax2026-1-61/nobackup/work/tede0387/braker3/braker3_last-exec/traingenes.good.nr.fa
rm /proj/uppmax2026-1-61/nobackup/work/tede0387/braker3/braker3_last-exec/secondetraining.stdout
rm /proj/uppmax2026-1-61/nobackup/work/tede0387/braker3/braker3_last-exec/train.gb.train.train
rm /proj/uppmax2026-1-61/nobackup/work/tede0387/braker3/braker3_last-exec/hints.job.lst
rm /proj/uppmax2026-1-61/nobackup/work/tede0387/braker3/braker3_last-exec/aug_hints.lst
rm /proj/uppmax2026-1-61/nobackup/work/tede0387/braker3/braker3_last-exec/train.f.gb
rm /proj/uppmax2026-1-61/nobackup/work/tede0387/braker3/braker3_last-exec/traingenes.good.fa
rm /proj/uppmax2026-1-61/nobackup/work/tede0387/braker3/braker3_last-exec/train.gb.train.test
rm /proj/uppmax2026-1-61/nobackup/work/tede0387/braker3/braker3_last-exec/augustus.hints.tmp.gtf
/usr/bin/perl /opt/BRAKER/scripts/braker_cleanup.pl --wdir=/proj/uppmax2026-1-61/nobackup/work/tede0387/braker3/braker3_last-exec
Deleting file /proj/uppmax2026-1-61/nobackup/work/tede0387/braker3/braker3_last-exec/firsttest.stdout
Deleting file /proj/uppmax2026-1-61/nobackup/work/tede0387/braker3/braker3_last-exec/genome.fa
Deleting file /proj/uppmax2026-1-61/nobackup/work/tede0387/braker3/braker3_last-exec/optimize_augustus.stdout
Deleting file /proj/uppmax2026-1-61/nobackup/work/tede0387/braker3/braker3_last-exec/secondtest.stdout
Deleting file /proj/uppmax2026-1-61/nobackup/work/tede0387/braker3/braker3_last-exec/train.gb
Deleting file /proj/uppmax2026-1-61/nobackup/work/tede0387/braker3/braker3_last-exec/GeneMark-ETP/proteins.fa/model/set.out
Deleting file /proj/uppmax2026-1-61/nobackup/work/tede0387/braker3/braker3_last-exec/GeneMark-ETP/proteins.fa/model/parse.es_c
Deleting file /proj/uppmax2026-1-61/nobackup/work/tede0387/braker3/braker3_last-exec/GeneMark-ETP/proteins.fa/model/non.seq
Deleting file /proj/uppmax2026-1-61/nobackup/work/tede0387/braker3/braker3_last-exec/GeneMark-ETP/proteins.fa/nonhc/nonhc.fasta
Deleting file /proj/uppmax2026-1-61/nobackup/work/tede0387/braker3/braker3_last-exec/GeneMark-ETP/rnaseq/hints/proteins.fa/prothint/nuc.fasta
Deleting file /proj/uppmax2026-1-61/nobackup/work/tede0387/braker3/braker3_last-exec/genome.fa.cidx
Deleting file /proj/uppmax2026-1-61/nobackup/work/tede0387/braker3/braker3_last-exec/getAnnoFastaFromJoingenes.augustus.hints_tmp.stdout
Deleting file /proj/uppmax2026-1-61/nobackup/work/tede0387/braker3/braker3_last-exec/augustus.hints.gff
Deleting file /proj/uppmax2026-1-61/nobackup/work/tede0387/braker3/braker3_last-exec/proteins.fa
Deleting file /proj/uppmax2026-1-61/nobackup/work/tede0387/braker3/braker3_last-exec/braker.gtf_temp
Deleting file /proj/uppmax2026-1-61/nobackup/work/tede0387/braker3/braker3_last-exec/gc_content.out
Deleting directory /proj/uppmax2026-1-61/nobackup/work/tede0387/braker3/braker3_last-exec/GeneMark-ETP/etp_data
Deleting directory /proj/uppmax2026-1-61/nobackup/work/tede0387/braker3/braker3_last-exec/GeneMark-ETP/rnaseq/gmst/
Deleting directory /proj/uppmax2026-1-61/nobackup/work/tede0387/braker3/braker3_last-exec/GeneMark-ETP/rnaseq/hisat2/
Deleting directory /proj/uppmax2026-1-61/nobackup/work/tede0387/braker3/braker3_last-exec/GeneMark-ETP/arx
Deleting directory /proj/uppmax2026-1-61/nobackup/work/tede0387/braker3/braker3_last-exec/GeneMark-ETP/proteins.fa/hc/regions/
Deleting directory /proj/uppmax2026-1-61/nobackup/work/tede0387/braker3/braker3_last-exec/GeneMark-ETP/proteins.fa/nonhc/prothint
Deleting directory /proj/uppmax2026-1-61/nobackup/work/tede0387/braker3/braker3_last-exec/GeneMark-ETP/rnaseq/hints/proteins.fa/prothint/Spaln
Deleting directory /proj/uppmax2026-1-61/nobackup/work/tede0387/braker3/braker3_last-exec/GeneMark-ETP/proteins.fa/nonhc/for_prothint
Deleting directory /proj/uppmax2026-1-61/nobackup/work/tede0387/braker3/braker3_last-exec/GeneMark-ETP/proteins.fa/nonhc/pred_m
Deleting directory /proj/uppmax2026-1-61/nobackup/work/tede0387/braker3/braker3_last-exec/GeneMark-ETP/proteins.fa/nonhc/regions
Deleting directory /proj/uppmax2026-1-61/nobackup/work/tede0387/braker3/braker3_last-exec/GeneMark-ETP/proteins.fa/etr
Deleting directory /proj/uppmax2026-1-61/nobackup/work/tede0387/braker3/braker3_last-exec/GeneMark-ETP/rnaseq/hints/proteins.fa/prothint/diamond
Deleting directory /proj/uppmax2026-1-61/nobackup/work/tede0387/braker3/braker3_last-exec/GeneMark-ETP/data
#**********************************************************************************
#                               BRAKER RUN FINISHED                                
#**********************************************************************************
