diamond v2.0.15.153 (C) Max Planck Society for the Advancement of Science
Documentation, support and updates available at http://www.diamondsearch.org
Please cite: http://dx.doi.org/10.1038/s41592-021-01101-x Nature Methods (2021)

#CPU threads: 2
Scoring parameters: (Matrix=BLOSUM62 Lambda=0.267 K=0.041 Penalties=11/1)
Database input file: /proj/uppmax2026-1-61/nobackup/work/tede0387/braker3/braker3_output/traingenes.good.fa.nonreddb
Opening the database file...  [0.001s]
Loading sequences...  [0.001s]
Masking sequences...  [0.031s]
Writing sequences...  [0s]
Hashing sequences...  [0s]
Loading sequences...  [0s]
Writing trailer...  [0s]
Closing the input file...  [0s]
Closing the database file...  [0.001s]

Database sequences  1051
  Database letters  501669
     Database hash  0f4698e5db2aa43dd2f334559a680f33
        Total time  0.037000s
diamond v2.0.15.153 (C) Max Planck Society for the Advancement of Science
Documentation, support and updates available at http://www.diamondsearch.org
Please cite: http://dx.doi.org/10.1038/s41592-021-01101-x Nature Methods (2021)

#CPU threads: 2
Scoring parameters: (Matrix=BLOSUM62 Lambda=0.267 K=0.041 Penalties=11/1)
Temporary directory: /proj/uppmax2026-1-61/nobackup/work/tede0387/braker3/braker3_output
#Target sequences to report alignments for: 25
Opening the database...  [0.001s]
Database: /proj/uppmax2026-1-61/nobackup/work/tede0387/braker3/braker3_output/traingenes.good.fa.nonreddb.dmnd (type: Diamond database, sequences: 1051, letters: 501669)
Block size = 2000000000
Opening the input file...  [0s]
Opening the output file...  [0s]
Loading query sequences...  [0.001s]
Masking queries...  [0.032s]
Algorithm: Double-indexed
Building query histograms...  [0.011s]
Allocating buffers...  [0s]
Loading reference sequences...  [0s]
Masking reference...  [0.031s]
Initializing temporary storage...  [0.009s]
Building reference histograms...  [0.011s]
Allocating buffers...  [0s]
Processing query block 1, reference block 1/1, shape 1/2, index chunk 1/4.
Building reference seed array...  [0.004s]
Building query seed array...  [0.004s]
Computing hash join...  [0.001s]
Masking low complexity seeds...  [0.002s]
Searching alignments...  [0.031s]
Processing query block 1, reference block 1/1, shape 1/2, index chunk 2/4.
Building reference seed array...  [0.004s]
Building query seed array...  [0.004s]
Computing hash join...  [0.001s]
Masking low complexity seeds...  [0.002s]
Searching alignments...  [0.025s]
Processing query block 1, reference block 1/1, shape 1/2, index chunk 3/4.
Building reference seed array...  [0.005s]
Building query seed array...  [0.005s]
Computing hash join...  [0.001s]
Masking low complexity seeds...  [0.002s]
Searching alignments...  [0.023s]
Processing query block 1, reference block 1/1, shape 1/2, index chunk 4/4.
Building reference seed array...  [0.004s]
Building query seed array...  [0.004s]
Computing hash join...  [0.001s]
Masking low complexity seeds...  [0.002s]
Searching alignments...  [0.023s]
Processing query block 1, reference block 1/1, shape 2/2, index chunk 1/4.
Building reference seed array...  [0.004s]
Building query seed array...  [0.004s]
Computing hash join...  [0.001s]
Masking low complexity seeds...  [0.002s]
Searching alignments...  [0.026s]
Processing query block 1, reference block 1/1, shape 2/2, index chunk 2/4.
Building reference seed array...  [0.004s]
Building query seed array...  [0.004s]
Computing hash join...  [0.001s]
Masking low complexity seeds...  [0.002s]
Searching alignments...  [0.024s]
Processing query block 1, reference block 1/1, shape 2/2, index chunk 3/4.
Building reference seed array...  [0.005s]
Building query seed array...  [0.005s]
Computing hash join...  [0.001s]
Masking low complexity seeds...  [0.002s]
Searching alignments...  [0.023s]
Processing query block 1, reference block 1/1, shape 2/2, index chunk 4/4.
Building reference seed array...  [0.004s]
Building query seed array...  [0.004s]
Computing hash join...  [0.001s]
Masking low complexity seeds...  [0.002s]
Searching alignments...  [0.023s]
Deallocating buffers...  [0s]
Clearing query masking...  [0s]
Computing alignments...  [0.437s]
Deallocating reference...  [0s]
Loading reference sequences...  [0s]
Deallocating buffers...  [0s]
Deallocating queries...  [0s]
Loading query sequences...  [0s]
Closing the input file...  [0s]
Closing the output file...  [0.005s]
Cleaning up...  [0s]
Total time = 0.97s
Reported 1825 pairwise alignments, 1825 HSPs.
1051 queries aligned.
